
> marginflow-v2@0.1.0 prebuild
> npm run safety:check && npm test && node scripts/check-production-release.mjs


> marginflow-v2@0.1.0 safety:check
> node scripts/check-data-safety.mjs

Data safety check passed: 44 original migrations unchanged; no new migration. This does not verify live backups or production configuration.

> marginflow-v2@0.1.0 test
> node --test src/domain/*.test.js src/workforce/*.test.js scripts/*.test.mjs

TAP version 13
# Subtest: unverified imported labour dataset has no distributed source or reset path
ok 1 - unverified imported labour dataset has no distributed source or reset path
  ---
  duration_ms: 2.186542
  ...
# Subtest: demonstration staff use explicitly fictional labels
ok 2 - demonstration staff use explicitly fictional labels
  ---
  duration_ms: 0.354625
  ...
# Subtest: archive identity preserves scope, bytes, name and distinguishes changed originals
ok 3 - archive identity preserves scope, bytes, name and distinguishes changed originals
  ---
  duration_ms: 13.136292
  ...
# Subtest: failure followed by retry archives bytes and exactly one association, with immutable object
ok 4 - failure followed by retry archives bytes and exactly one association, with immutable object
  ---
  duration_ms: 3.926792
  ...
# Subtest: existing different bytes cannot be overwritten or declared archived
ok 5 - existing different bytes cannot be overwritten or declared archived
  ---
  duration_ms: 1.611334
  ...
# Subtest: original metadata requires canonical account, location and invoice; never queries unscoped
ok 6 - original metadata requires canonical account, location and invoice; never queries unscoped
  ---
  duration_ms: 0.888583
  ...
# Subtest: attachment reads apply all three identity filters and retain original path
ok 7 - attachment reads apply all three identity filters and retain original path
  ---
  duration_ms: 0.833541
  ...
# Subtest: failed or cross-scope attachment response is not presented as an available original
ok 8 - failed or cross-scope attachment response is not presented as an available original
  ---
  duration_ms: 0.511417
  ...
# Subtest: production requires evidence for the exact code and database project
ok 9 - production requires evidence for the exact code and database project
  ---
  duration_ms: 0.662084
  ...
# Subtest: expired evidence, future dates and unrestored backups block production
ok 10 - expired evidence, future dates and unrestored backups block production
  ---
  duration_ms: 0.144875
  ...
# Subtest: supervised ambiguous archive preserves original bytes without plaintext exposure
ok 11 - supervised ambiguous archive preserves original bytes without plaintext exposure
  ---
  duration_ms: 492.601417
  ...
# Subtest: internal navigation is separate from the customer workspace
ok 12 - internal navigation is separate from the customer workspace
  ---
  duration_ms: 1.479916
  ...
# Subtest: customer sign out and admin subscription purpose stay visible in the UI contract
ok 13 - customer sign out and admin subscription purpose stay visible in the UI contract
  ---
  duration_ms: 0.711833
  ...
# Subtest: admin company filters and subscription trial states remain deterministic
ok 14 - admin company filters and subscription trial states remain deterministic
  ---
  duration_ms: 0.231125
  ...
# Subtest: 4C migration keeps subscription, staff, support, and audit paths server-authorized
ok 15 - 4C migration keeps subscription, staff, support, and audit paths server-authorized
  ---
  duration_ms: 0.592083
  ...
# Subtest: permission groups expose granular overrides without granting support writes by default
ok 16 - permission groups expose granular overrides without granting support writes by default
  ---
  duration_ms: 0.236375
  ...
# Subtest: customer settings keep destructive recovery owner-only and remove customer cloud migration UI
ok 17 - customer settings keep destructive recovery owner-only and remove customer cloud migration UI
  ---
  duration_ms: 1.122583
  ...
# Subtest: TEST A: frontend and migration use the canonical RPC contract
ok 18 - TEST A: frontend and migration use the canonical RPC contract
  ---
  duration_ms: 2.279625
  ...
# Subtest: TEST B: matching revision saves once and advances revision 10 to 11
ok 19 - TEST B: matching revision saves once and advances revision 10 to 11
  ---
  duration_ms: 0.19025
  ...
# Subtest: invoice snapshots are never written by revisioned module sync
ok 20 - invoice snapshots are never written by revisioned module sync
  ---
  duration_ms: 0.160666
  ...
# Subtest: sales snapshots are never written by revisioned module sync
ok 21 - sales snapshots are never written by revisioned module sync
  ---
  duration_ms: 0.095542
  ...
# Subtest: TEST C: stale revision conflict rejects the write rather than replacing newer cloud state
ok 22 - TEST C: stale revision conflict rejects the write rather than replacing newer cloud state
  ---
  duration_ms: 0.497041
  ...
# Subtest: TEST D: missing RPC leaves local data intact and the module pending
ok 23 - TEST D: missing RPC leaves local data intact and the module pending
  ---
  duration_ms: 0.178292
  ...
# Subtest: TEST E: retry after RPC recovery is idempotent and does not duplicate a save
ok 24 - TEST E: retry after RPC recovery is idempotent and does not duplicate a save
  ---
  duration_ms: 0.451375
  ...
# Subtest: a later module failure preserves completed module progress for retry
ok 25 - a later module failure preserves completed module progress for retry
  ---
  duration_ms: 0.329125
  ...
# Subtest: unchanged modules are not rewritten
ok 26 - unchanged modules are not rewritten
  ---
  duration_ms: 0.461708
  ...
# Subtest: fresh-device read loads every invoice, line and split beyond the server cap, without writes
ok 27 - fresh-device read loads every invoice, line and split beyond the server cap, without writes
  ---
  duration_ms: 106.597541
  ...
# Subtest: an intermediate page failure rejects the load instead of returning partial financial data
ok 28 - an intermediate page failure rejects the load instead of returning partial financial data
  ---
  duration_ms: 79.793583
  ...
# Subtest: a cloud revision changed during the document read is rejected
ok 29 - a cloud revision changed during the document read is rejected
  ---
  duration_ms: 76.62875
  ...
# Subtest: missing counts, empty partial pages and repeated rows cannot masquerade as complete data
ok 30 - missing counts, empty partial pages and repeated rows cannot masquerade as complete data
  ---
  duration_ms: 0.362833
  ...
# Subtest: pending edits survive a newer cloud revision but cannot change official totals
ok 31 - pending edits survive a newer cloud revision but cannot change official totals
  ---
  duration_ms: 1.722625
  ...
# Subtest: only a confirmed write advances the financial view, and an older acknowledgement cannot revert it
ok 32 - only a confirmed write advances the financial view, and an older acknowledgement cannot revert it
  ---
  duration_ms: 0.094625
  ...
# Subtest: a pending document with a different UUID is not silently discarded by identity matching
ok 33 - a pending document with a different UUID is not silently discarded by identity matching
  ---
  duration_ms: 0.15725
  ...
# Subtest: sales beyond the response cap retain every selected entry and department total
ok 34 - sales beyond the response cap retain every selected entry and department total
  ---
  duration_ms: 96.94
  ...
# Subtest: laptop and mobile invoice collections reconcile without losing distinct work
ok 35 - laptop and mobile invoice collections reconcile without losing distinct work
  ---
  duration_ms: 1.893083
  ...
# Subtest: TEST F: a Device / legacy invoice survives cloud hydration
ok 36 - TEST F: a Device / legacy invoice survives cloud hydration
  ---
  duration_ms: 0.214291
  ...
# Subtest: TEST G: a stale device snapshot cannot remove a cloud-only invoice
ok 37 - TEST G: a stale device snapshot cannot remove a cloud-only invoice
  ---
  duration_ms: 0.118333
  ...
# Subtest: emergency backup works from device state and strips authentication secrets
ok 38 - emergency backup works from device state and strips authentication secrets
  ---
  duration_ms: 0.6475
  ...
# Subtest: backup recovery preview separates existing, missing and conflicting invoices
ok 39 - backup recovery preview separates existing, missing and conflicting invoices
  ---
  duration_ms: 3.186459
  ...
# Subtest: invoice-only recovery dry run classifies every backup invoice without writes
ok 40 - invoice-only recovery dry run classifies every backup invoice without writes
  ---
  duration_ms: 9.532875
  ...
# Subtest: invoice-only dry run treats conflicting backup duplicates as manual review, not inserts
ok 41 - invoice-only dry run treats conflicting backup duplicates as manual review, not inserts
  ---
  duration_ms: 0.629708
  ...
# Subtest: backup company scope and supplier name identify a legacy invoice despite relational-only IDs
ok 42 - backup company scope and supplier name identify a legacy invoice despite relational-only IDs
  ---
  duration_ms: 0.37375
  ...
# Subtest: same invoice identity with different contents remains an explicit conflict
ok 43 - same invoice identity with different contents remains an explicit conflict
  ---
  duration_ms: 0.339583
  ...
# Subtest: TEST H: conflict reconciliation preserves both versions for Review conflict
ok 44 - TEST H: conflict reconciliation preserves both versions for Review conflict
  ---
  duration_ms: 0.343792
  ...
# Subtest: relational operational hydration prefers canonical rows over stale snapshots
ok 45 - relational operational hydration prefers canonical rows over stale snapshots
  ---
  duration_ms: 0.269958
  ...
# Subtest: relational operational hydration keeps cached relational invoices when a refresh is incomplete
ok 46 - relational operational hydration keeps cached relational invoices when a refresh is incomplete
  ---
  duration_ms: 0.059041
  ...
# Subtest: relational operational hydration preserves cached relational invoices missing from a partial refresh
ok 47 - relational operational hydration preserves cached relational invoices missing from a partial refresh
  ---
  duration_ms: 0.053209
  ...
# Subtest: relational refresh does not replace a pending date edit with the previous cloud version
ok 48 - relational refresh does not replace a pending date edit with the previous cloud version
  ---
  duration_ms: 0.155875
  ...
# Subtest: stale relational refresh cannot overwrite a successfully saved newer invoice revision
ok 49 - stale relational refresh cannot overwrite a successfully saved newer invoice revision
  ---
  duration_ms: 0.069084
  ...
# Subtest: backup inspection rejects unrelated or malformed JSON objects
ok 50 - backup inspection rejects unrelated or malformed JSON objects
  ---
  duration_ms: 0.0865
  ...
# Subtest: existing company is active Pro with the full feature set
ok 51 - existing company is active Pro with the full feature set
  ---
  duration_ms: 1.070708
  ...
# Subtest: Basic, Plus and Pro feature matrices are additive and invoice AI is included in each
ok 52 - Basic, Plus and Pro feature matrices are additive and invoice AI is included in each
  ---
  duration_ms: 0.087
  ...
# Subtest: a valid trial receives Pro features and expires immediately from its authoritative end timestamp
ok 53 - a valid trial receives Pro features and expires immediately from its authoritative end timestamp
  ---
  duration_ms: 0.068417
  ...
# Subtest: custom entitlements supplement the plan without plan-name checks
ok 54 - custom entitlements supplement the plan without plan-name checks
  ---
  duration_ms: 0.049959
  ...
# Subtest: one exact supplier product match resolves every affected invoice dependency automatically
ok 55 - one exact supplier product match resolves every affected invoice dependency automatically
  ---
  duration_ms: 25.17025
  ...
# Subtest: single department allocation equals one 100 percent split
ok 56 - single department allocation equals one 100 percent split
  ---
  duration_ms: 2.6825
  ...
# Subtest: 50/50 allocation does not equal one 100 percent department
ok 57 - 50/50 allocation does not equal one 100 percent department
  ---
  duration_ms: 7.107917
  ...
# Subtest: historical qty fallback is compatible with kg only when relational hydration proves it
ok 58 - historical qty fallback is compatible with kg only when relational hydration proves it
  ---
  duration_ms: 5.619958
  ...
# Subtest: kg and qty remain different without the historical persistence marker
ok 59 - kg and qty remain different without the historical persistence marker
  ---
  duration_ms: 6.87075
  ...
# Subtest: line comparison is order-independent but preserves duplicate multiplicity
ok 60 - line comparison is order-independent but preserves duplicate multiplicity
  ---
  duration_ms: 1.411125
  ...
# Subtest: currency line rounding tolerates raw multiplication but quantity precision stays material
ok 61 - currency line rounding tolerates raw multiplication but quantity precision stays material
  ---
  duration_ms: 0.824208
  ...
# Subtest: one equivalent generic-number candidate becomes a probable duplicate, not a migration
ok 62 - one equivalent generic-number candidate becomes a probable duplicate, not a migration
  ---
  duration_ms: 0.34075
  ...
# Subtest: same UUID generic-number invoice remains the strongest identity
ok 63 - same UUID generic-number invoice remains the strongest identity
  ---
  duration_ms: 0.467
  ...
# Subtest: confirmed department mapping resolves exact legacy references
ok 64 - confirmed department mapping resolves exact legacy references
  ---
  duration_ms: 0.597208
  ...
# Subtest: safe financial repair requires same UUID, fingerprint and equivalent simple structure
ok 65 - safe financial repair requires same UUID, fingerprint and equivalent simple structure
  ---
  duration_ms: 0.249917
  ...
# Subtest: financial repair preview excludes different UUID and missing fingerprint
ok 66 - financial repair preview excludes different UUID and missing fingerprint
  ---
  duration_ms: 0.101041
  ...
# Subtest: active classifications are disjoint and device reconciliation uses the same preview
ok 67 - active classifications are disjoint and device reconciliation uses the same preview
  ---
  duration_ms: 3.921333
  ...
# Subtest: recovery completion requires no migration and no unexplained conflict
ok 68 - recovery completion requires no migration and no unexplained conflict
  ---
  duration_ms: 0.087125
  ...
# Subtest: final migration is additive and installs guarded RPC contracts without destructive invoice DML
ok 69 - final migration is additive and installs guarded RPC contracts without destructive invoice DML
  ---
  duration_ms: 0.366083
  ...
# Subtest: server normalizer covers historical aliases and protects legitimate zero payloads
ok 70 - server normalizer covers historical aliases and protects legitimate zero payloads
  ---
  duration_ms: 0.119667
  ...
# Subtest: repair RPC checks revision, fingerprint and current header before changing headers only
ok 71 - repair RPC checks revision, fingerprint and current header before changing headers only
  ---
  duration_ms: 0.09425
  ...
# Subtest: Final Recovery preflight has minimum authenticated read grants without bypassing RLS
ok 72 - Final Recovery preflight has minimum authenticated read grants without bypassing RLS
  ---
  duration_ms: 1.683125
  ...
# Subtest: splits one multi-page PDF when invoice numbers change between pages
ok 73 - splits one multi-page PDF when invoice numbers change between pages
  ---
  duration_ms: 2.3895
  ...
# Subtest: splits Elite pages when invoice date appears before invoice number
ok 74 - splits Elite pages when invoice date appears before invoice number
  ---
  duration_ms: 0.45175
  ...
# Subtest: splits Elite pages when header labels and values are extracted separately
ok 75 - splits Elite pages when header labels and values are extracted separately
  ---
  duration_ms: 0.736375
  ...
# Subtest: keeps multi-page invoices together when the same invoice number repeats
ok 76 - keeps multi-page invoices together when the same invoice number repeats
  ---
  duration_ms: 0.245291
  ...
# Subtest: starts a new document for each separate uploaded file
ok 77 - starts a new document for each separate uploaded file
  ---
  duration_ms: 0.217542
  ...
# Subtest: falls back to one document per uploaded file when no document numbers are readable
ok 78 - falls back to one document per uploaded file when no document numbers are readable
  ---
  duration_ms: 0.253333
  ...
# Subtest: keeps separate uploaded PDFs separate even when only the first has readable identity
ok 79 - keeps separate uploaded PDFs separate even when only the first has readable identity
  ---
  duration_ms: 1.031916
  ...
# Subtest: still splits multiple invoices inside one uploaded PDF when grouping by source file
ok 80 - still splits multiple invoices inside one uploaded PDF when grouping by source file
  ---
  duration_ms: 0.482
  ...
# Subtest: marks existing supplier and document number matches as possible duplicates
ok 81 - marks existing supplier and document number matches as possible duplicates
  ---
  duration_ms: 1.206667
  ...
# Subtest: marks extraction review flags separately from ready invoices
ok 82 - marks extraction review flags separately from ready invoices
  ---
  duration_ms: 0.576
  ...
# Subtest: queue processes independent invoices with partial failures
ok 83 - queue processes independent invoices with partial failures
  ---
  duration_ms: 1.87625
  ...
# Subtest: hydrate preserves completed results and marks interrupted work for retry
ok 84 - hydrate preserves completed results and marks interrupted work for retry
  ---
  duration_ms: 0.372833
  ...
# Subtest: hydrate repairs legacy batch invoice values before the review screen renders
ok 85 - hydrate repairs legacy batch invoice values before the review screen renders
  ---
  duration_ms: 0.177542
  ...
# Subtest: batch keeps a cloud sync failure visible and retryable
ok 86 - batch keeps a cloud sync failure visible and retryable
  ---
  duration_ms: 0.06925
  ...
# Subtest: batch only marks an invoice imported after persistence succeeds
ok 87 - batch only marks an invoice imported after persistence succeeds
  ---
  duration_ms: 0.033208
  ...
# Subtest: groups every invoice for the same supplier and invoice date
ok 88 - groups every invoice for the same supplier and invoice date
  ---
  duration_ms: 17.159833
  ...
# Subtest: returns an empty daily group when no supplier invoice exists
ok 89 - returns an empty daily group when no supplier invoice exists
  ---
  duration_ms: 0.1325
  ...
# Subtest: normal invoice derives a gross total from complete lines
ok 90 - normal invoice derives a gross total from complete lines
  ---
  duration_ms: 1.678291
  ...
# Subtest: VAT invoice gross total includes header VAT
ok 91 - VAT invoice gross total includes header VAT
  ---
  duration_ms: 0.105791
  ...
# Subtest: discount invoice distinguishes pre-discount subtotal from final net alias
ok 92 - discount invoice distinguishes pre-discount subtotal from final net alias
  ---
  duration_ms: 0.190667
  ...
# Subtest: additional charge is included once in derived gross total
ok 93 - additional charge is included once in derived gross total
  ---
  duration_ms: 0.101417
  ...
# Subtest: handling and delivery aliases combine when additionalCharges is absent
ok 94 - handling and delivery aliases combine when additionalCharges is absent
  ---
  duration_ms: 0.122042
  ...
# Subtest: legitimate zero invoice remains zero
ok 95 - legitimate zero invoice remains zero
  ---
  duration_ms: 0.062083
  ...
# Subtest: legitimate fully discounted zero invoice is not replaced by its positive line sum
ok 96 - legitimate fully discounted zero invoice is not replaced by its positive line sum
  ---
  duration_ms: 0.113333
  ...
# Subtest: nonzero canonical gross total wins over legacy aliases
ok 97 - nonzero canonical gross total wins over legacy aliases
  ---
  duration_ms: 0.050541
  ...
# Subtest: old mobile payload aliases become canonical server-facing fields
ok 98 - old mobile payload aliases become canonical server-facing fields
  ---
  duration_ms: 0.703792
  ...
# Subtest: credit note canonical values remain absolute for the signed database model
ok 99 - credit note canonical values remain absolute for the signed database model
  ---
  duration_ms: 0.307458
  ...
# Subtest: normalizes supplier product codes without losing displayed code elsewhere
ok 100 - normalizes supplier product codes without losing displayed code elsewhere
  ---
  duration_ms: 0.88875
  ...
# Subtest: confirmed learned allocation stays ahead of a matched product default
ok 101 - confirmed learned allocation stays ahead of a matched product default
  ---
  duration_ms: 1.297083
  ...
# Subtest: exact supplier code mapping returns the confirmed product
ok 102 - exact supplier code mapping returns the confirmed product
  ---
  duration_ms: 0.464292
  ...
# Subtest: auto-matched supplier code lines validate without a manual click for invoices and credit notes
ok 103 - auto-matched supplier code lines validate without a manual click for invoices and credit notes
  ---
  duration_ms: 0.847834
  ...
# Subtest: same supplier code from a different supplier or organisation does not match
ok 104 - same supplier code from a different supplier or organisation does not match
  ---
  duration_ms: 7.225625
  ...
# Subtest: confirmed description mapping waits for repeated confirmation
ok 105 - confirmed description mapping waits for repeated confirmation
  ---
  duration_ms: 0.306375
  ...
# Subtest: learned supplier rules auto-resolve product validation
ok 106 - learned supplier rules auto-resolve product validation
  ---
  duration_ms: 0.255375
  ...
# Subtest: exact existing product and aliases match without creating products
ok 107 - exact existing product and aliases match without creating products
  ---
  duration_ms: 0.324042
  ...
# Subtest: pack-size conflicts prevent unsafe automatic mapping
ok 108 - pack-size conflicts prevent unsafe automatic mapping
  ---
  duration_ms: 0.367125
  ...
# Subtest: ambiguous fuzzy product suggestions require review
ok 109 - ambiguous fuzzy product suggestions require review
  ---
  duration_ms: 15.049208
  ...
# Subtest: duplicate protection finds similar explicit product creations
ok 110 - duplicate protection finds similar explicit product creations
  ---
  duration_ms: 0.206834
  ...
# Subtest: explicit create-new product decision overrides fuzzy suggestions without changing the product name
ok 111 - explicit create-new product decision overrides fuzzy suggestions without changing the product name
  ---
  duration_ms: 32.938208
  ...
# Subtest: existing product suggestions can be manually selected and persist through confirmation
ok 112 - existing product suggestions can be manually selected and persist through confirmation
  ---
  duration_ms: 0.776708
  ...
# Subtest: RED CHILLIES product search result binds directly without create-new flow
ok 113 - RED CHILLIES product search result binds directly without create-new flow
  ---
  duration_ms: 0.714708
  ...
# Subtest: fuzzy product search result also binds as a confirmed manual existing product
ok 114 - fuzzy product search result also binds as a confirmed manual existing product
  ---
  duration_ms: 0.30275
  ...
# Subtest: create-new duplicate review offers existing products before final confirmation
ok 115 - create-new duplicate review offers existing products before final confirmation
  ---
  duration_ms: 0.807375
  ...
# Subtest: likely duplicate create-new review can still create a genuinely distinct product
ok 116 - likely duplicate create-new review can still create a genuinely distinct product
  ---
  duration_ms: 0.872625
  ...
# Subtest: explicit create-new is materialized once per confirmation and exact duplicates block
ok 117 - explicit create-new is materialized once per confirmation and exact duplicates block
  ---
  duration_ms: 0.1255
  ...
# Subtest: existing-product selection clears create-new state
ok 118 - existing-product selection clears create-new state
  ---
  duration_ms: 0.053875
  ...
# Subtest: manual correction takes priority after changing an automatic match
ok 119 - manual correction takes priority after changing an automatic match
  ---
  duration_ms: 0.164125
  ...
# Subtest: department fallback stays single and idempotent without saved split history
ok 120 - department fallback stays single and idempotent without saved split history
  ---
  duration_ms: 0.130583
  ...
# Subtest: duplicated automatic Kitchen 100 rows collapse to single mode instead of a 200% split
ok 121 - duplicated automatic Kitchen 100 rows collapse to single mode instead of a 200% split
  ---
  duration_ms: 0.081417
  ...
# Subtest: valid saved split loads once and duplicate split rows remain invalid for user-created splits
ok 122 - valid saved split loads once and duplicate split rows remain invalid for user-created splits
  ---
  duration_ms: 0.193666
  ...
# Subtest: learning records Kitchen, Bar, Bought In and Split decisions only from saved invoices
ok 123 - learning records Kitchen, Bar, Bought In and Split decisions only from saved invoices
  ---
  duration_ms: 0.221583
  ...
# Subtest: corrected mapping supersedes the old active exact-code mapping
ok 124 - corrected mapping supersedes the old active exact-code mapping
  ---
  duration_ms: 0.103167
  ...
# Subtest: forgetting a rule stops automatic application
ok 125 - forgetting a rule stops automatic application
  ---
  duration_ms: 0.046292
  ...
# Subtest: validation marks missing product matches and invalid splits, but fallback ignores match-only review
ok 126 - validation marks missing product matches and invalid splits, but fallback ignores match-only review
  ---
  duration_ms: 0.340125
  ...
# Subtest: TG Fruits handling charge reconciles ticket total without blocking confirmation
ok 127 - TG Fruits handling charge reconciles ticket total without blocking confirmation
  ---
  duration_ms: 0.260833
  ...
# Subtest: structured handling adjustment reconciles a printed total and absent subtotal stays absent
ok 128 - structured handling adjustment reconciles a printed total and absent subtotal stays absent
  ---
  duration_ms: 0.09175
  ...
# Subtest: soft invoice and price warnings remain visible without blocking confirmation
ok 129 - soft invoice and price warnings remain visible without blocking confirmation
  ---
  duration_ms: 0.267959
  ...
# Subtest: price warnings require like-for-like unit, pack, currency, company and VAT history
ok 130 - price warnings require like-for-like unit, pack, currency, company and VAT history
  ---
  duration_ms: 0.068125
  ...
# Subtest: hard review reasons still block unsafe invoice confirmation
ok 131 - hard review reasons still block unsafe invoice confirmation
  ---
  duration_ms: 0.09575
  ...
# Subtest: user-confirmed false positive review no longer blocks the invoice
ok 132 - user-confirmed false positive review no longer blocks the invoice
  ---
  duration_ms: 0.086375
  ...
# Subtest: confirming a price warning still persists and reapplies department learning
ok 133 - confirming a price warning still persists and reapplies department learning
  ---
  duration_ms: 0.842417
  ...
# Subtest: correction history is idempotent for repeated saves
ok 134 - correction history is idempotent for repeated saves
  ---
  duration_ms: 0.451
  ...
# Subtest: reported bug: Bar department learning survives serialized persistence and reapplies by supplier code
ok 135 - reported bug: Bar department learning survives serialized persistence and reapplies by supplier code
  ---
  duration_ms: 0.497375
  ...
# Subtest: application restart does not require reusing the in-memory mapping object
ok 136 - application restart does not require reusing the in-memory mapping object
  ---
  duration_ms: 0.304416
  ...
# Subtest: relational learning wins over snapshot fallback and inactive tombstones stay forgotten
ok 137 - relational learning wins over snapshot fallback and inactive tombstones stay forgotten
  ---
  duration_ms: 0.489042
  ...
# Subtest: relational split rows hydrate into the same learned allocation shape
ok 138 - relational split rows hydrate into the same learned allocation shape
  ---
  duration_ms: 0.446167
  ...
# Subtest: relational persistence sends the centrally normalized supplier code and complete split
ok 139 - relational persistence sends the centrally normalized supplier code and complete split
  ---
  duration_ms: 0.699042
  ...
# Subtest: same supplier product code from a different supplier does not reuse learned department
ok 140 - same supplier product code from a different supplier does not reuse learned department
  ---
  duration_ms: 0.441792
  ...
# Subtest: location-specific learned mapping does not leak into another location
ok 141 - location-specific learned mapping does not leak into another location
  ---
  duration_ms: 0.394375
  ...
# Subtest: location-specific learning overrides but does not replace the company fallback
ok 142 - location-specific learning overrides but does not replace the company fallback
  ---
  duration_ms: 0.649959
  ...
# Subtest: department correction updates the active mapping instead of creating a conflicting rule
ok 143 - department correction updates the active mapping instead of creating a conflicting rule
  ---
  duration_ms: 0.194916
  ...
# Subtest: split learning survives reload and reapplies percentages to a new total
ok 144 - split learning survives reload and reapplies percentages to a new total
  ---
  duration_ms: 0.120625
  ...
# Subtest: description-only mapping uses normalized description, unit and pack size after repeated confirmations
ok 145 - description-only mapping uses normalized description, unit and pack size after repeated confirmations
  ---
  duration_ms: 0.170708
  ...
# Subtest: committed manual invoice selection persists and auto-applies by normalized supplier description
ok 146 - committed manual invoice selection persists and auto-applies by normalized supplier description
  ---
  duration_ms: 0.093583
  ...
# Subtest: manual description learning stays supplier-scoped and a later confirmed correction wins
ok 147 - manual description learning stays supplier-scoped and a later confirmed correction wins
  ---
  duration_ms: 0.199416
  ...
# Subtest: an invoice update replaces a legacy source id without leaving a duplicate
ok 148 - an invoice update replaces a legacy source id without leaving a duplicate
  ---
  duration_ms: 1.709667
  ...
# Subtest: confirmed invoice persistence sends the full document to one atomic RPC
ok 149 - confirmed invoice persistence sends the full document to one atomic RPC
  ---
  duration_ms: 18.471833
  ...
# Subtest: legacy financial aliases are normalized into the v2 RPC header fields
ok 150 - legacy financial aliases are normalized into the v2 RPC header fields
  ---
  duration_ms: 0.263375
  ...
# Subtest: a nonzero legacy total alias is not hidden by an earlier zero canonical field
ok 151 - a nonzero legacy total alias is not hidden by an earlier zero canonical field
  ---
  duration_ms: 0.500625
  ...
# Subtest: statement timeout leaves the invoice locally recoverable as failed sync
ok 152 - statement timeout leaves the invoice locally recoverable as failed sync
  ---
  duration_ms: 3.215959
  ...
# Subtest: duplicate conflicts remain local but are not retried automatically
ok 153 - duplicate conflicts remain local but are not retried automatically
  ---
  duration_ms: 2.118958
  ...
# Subtest: failed edit retry preserves the update target and revision until cloud persistence succeeds
ok 154 - failed edit retry preserves the update target and revision until cloud persistence succeeds
  ---
  duration_ms: 0.644208
  ...
# Subtest: retry remains idempotent because it reuses the invoice and line UUIDs
ok 155 - retry remains idempotent because it reuses the invoice and line UUIDs
  ---
  duration_ms: 0.518958
  ...
# Subtest: transient line and split UUIDs are namespaced to their invoice before persistence
ok 156 - transient line and split UUIDs are namespaced to their invoice before persistence
  ---
  duration_ms: 1.093458
  ...
# Subtest: canonical retry and relational edit preserve their persisted child identifiers
ok 157 - canonical retry and relational edit preserve their persisted child identifiers
  ---
  duration_ms: 1.317417
  ...
# Subtest: legacy invoice rows and splits receive stable deterministic UUIDs before the local pending save
ok 158 - legacy invoice rows and splits receive stable deterministic UUIDs before the local pending save
  ---
  duration_ms: 1.784125
  ...
# Subtest: TEST J: fresh device loads relational invoice rows with lines and splits
ok 159 - TEST J: fresh device loads relational invoice rows with lines and splits
  ---
  duration_ms: 2.243
  ...
# Subtest: recovery imports only the previewed missing invoice and leaves existing cloud rows intact
ok 160 - recovery imports only the previewed missing invoice and leaves existing cloud rows intact
  ---
  duration_ms: 0.588166
  ...
# Subtest: explicit duplicate update sends the selected target and expected revision without merging lines
ok 161 - explicit duplicate update sends the selected target and expected revision without merging lines
  ---
  duration_ms: 0.202
  ...
# Subtest: cloud-first migration is additive, keeps RLS, and contains no destructive business-data DML
ok 162 - cloud-first migration is additive, keeps RLS, and contains no destructive business-data DML
  ---
  duration_ms: 0.450375
  ...
# Subtest: legacy archive table access is locked to authenticated SELECT only
ok 163 - legacy archive table access is locked to authenticated SELECT only
  ---
  duration_ms: 0.213791
  ...
# Subtest: recovery migration is non-destructive and defines transactional invoice and revision RPCs
ok 164 - recovery migration is non-destructive and defines transactional invoice and revision RPCs
  ---
  duration_ms: 0.108708
  ...
# Subtest: batch sync resilience migration extends invoice persistence timeouts without touching business data
ok 165 - batch sync resilience migration extends invoice persistence timeouts without touching business data
  ---
  duration_ms: 0.340792
  ...
# Subtest: preview reads review reconciliation instead of placeholder zero, preserving signed credit and real zero
ok 166 - preview reads review reconciliation instead of placeholder zero, preserving signed credit and real zero
  ---
  duration_ms: 0.483333
  ...
# Subtest: completed batch remains accessible and no longer claims processing
ok 167 - completed batch remains accessible and no longer claims processing
  ---
  duration_ms: 0.425208
  ...
# Subtest: same-name originals retain separate source identities through batch splitting
ok 168 - same-name originals retain separate source identities through batch splitting
  ---
  duration_ms: 2.77175
  ...
# Subtest: runtime invoice normalization recovers lines from relational and legacy shapes
ok 169 - runtime invoice normalization recovers lines from relational and legacy shapes
  ---
  duration_ms: 0.841083
  ...
# Subtest: runtime invoice normalization makes partial persisted rows safe to render
ok 170 - runtime invoice normalization makes partial persisted rows safe to render
  ---
  duration_ms: 0.083333
  ...
# Subtest: runtime invoice collections reject invalid container and row values
ok 171 - runtime invoice collections reject invalid container and row values
  ---
  duration_ms: 0.070375
  ...
# Subtest: runtime product normalization repairs legacy history containers before invoice save
ok 172 - runtime product normalization repairs legacy history containers before invoice save
  ---
  duration_ms: 0.1405
  ...
# Subtest: invoice learning tolerates malformed legacy mapping and correction containers
ok 173 - invoice learning tolerates malformed legacy mapping and correction containers
  ---
  duration_ms: 2.372
  ...
# Subtest: TEST A: legacy supplier plans one stable insert and retry maps the same canonical row
ok 174 - TEST A: legacy supplier plans one stable insert and retry maps the same canonical row
  ---
  duration_ms: 16.400666
  ...
# Subtest: TEST B: legacy product preserves its UUID and retry creates no second product
ok 175 - TEST B: legacy product preserves its UUID and retry creates no second product
  ---
  duration_ms: 2.63725
  ...
# Subtest: TEST C: an invoice with unresolved dependencies is preserved in the archive
ok 176 - TEST C: an invoice with unresolved dependencies is preserved in the archive
  ---
  duration_ms: 0.387458
  ...
# Subtest: TEST D: basic invoice recovery uses catalog first, one atomic invoice RPC and marks success only after response
ok 177 - TEST D: basic invoice recovery uses catalog first, one atomic invoice RPC and marks success only after response
  ---
  duration_ms: 10.188875
  ...
# Subtest: dependency-imperfect history becomes an operational invoice while product archive remains immutable
ok 178 - dependency-imperfect history becomes an operational invoice while product archive remains immutable
  ---
  duration_ms: 10.749584
  ...
# Subtest: historical invoice recovery nulls ambiguous products and collapses duplicate same-department splits
ok 179 - historical invoice recovery nulls ambiguous products and collapses duplicate same-department splits
  ---
  duration_ms: 5.008
  ...
# Subtest: operational historical recovery is classified as already relational on every later preflight
ok 180 - operational historical recovery is classified as already relational on every later preflight
  ---
  duration_ms: 1.529125
  ...
# Subtest: similar legacy products remain separate without fuzzy merging
ok 181 - similar legacy products remain separate without fuzzy merging
  ---
  duration_ms: 0.329917
  ...
# Subtest: TEST E: split recovery maps exact departments and preserves percentages
ok 182 - TEST E: split recovery maps exact departments and preserves percentages
  ---
  duration_ms: 0.793792
  ...
# Subtest: TEST F: an identical relational invoice is verified on retry and not resubmitted
ok 183 - TEST F: an identical relational invoice is verified on retry and not resubmitted
  ---
  duration_ms: 1.258667
  ...
# Subtest: TEST G: same strong invoice identity with different line content remains Review conflict
ok 184 - TEST G: same strong invoice identity with different line content remains Review conflict
  ---
  duration_ms: 3.81775
  ...
# Subtest: TEST H: failed invoice RPC leaves the legacy row unsaved and reports failure
ok 185 - TEST H: failed invoice RPC leaves the legacy row unsaved and reports failure
  ---
  duration_ms: 1.061417
  ...
# Subtest: TEST I: successful module snapshot sync alone never qualifies an invoice as relational
ok 186 - TEST I: successful module snapshot sync alone never qualifies an invoice as relational
  ---
  duration_ms: 0.655125
  ...
# Subtest: PHASE 2 TEST 1: stale conflict with the same UUID and equivalent current content is Already relational
ok 187 - PHASE 2 TEST 1: stale conflict with the same UUID and equivalent current content is Already relational
  ---
  duration_ms: 1.204416
  ...
# Subtest: PHASE 2 TEST 2: stale conflict with the same UUID and material line differences remains Review conflict
ok 188 - PHASE 2 TEST 2: stale conflict with the same UUID and material line differences remains Review conflict
  ---
  duration_ms: 11.444708
  ...
# Subtest: PHASE 2 TEST 3: repeated generic Unit numbers keep separate UUIDs when contents differ
ok 189 - PHASE 2 TEST 3: repeated generic Unit numbers keep separate UUIDs when contents differ
  ---
  duration_ms: 5.504875
  ...
# Subtest: PHASE 2 TEST 4: a non-generic candidate with the wrong date is a date conflict, not a migration
ok 190 - PHASE 2 TEST 4: a non-generic candidate with the wrong date is a date conflict, not a migration
  ---
  duration_ms: 1.676209
  ...
# Subtest: PHASE 2 TEST 5: equivalent different-UUID legacy copies are preserved as probable duplicates without insertion
ok 191 - PHASE 2 TEST 5: equivalent different-UUID legacy copies are preserved as probable duplicates without insertion
  ---
  duration_ms: 2.497083
  ...
# Subtest: PHASE 2 TEST 6: a zero relational header is equivalent only when complete lines prove the legacy total
ok 192 - PHASE 2 TEST 6: a zero relational header is equivalent only when complete lines prove the legacy total
  ---
  duration_ms: 1.529083
  ...
# Subtest: PHASE 2 TEST 7: an invoice with no canonical product is archive-only
ok 193 - PHASE 2 TEST 7: an invoice with no canonical product is archive-only
  ---
  duration_ms: 1.02225
  ...
# Subtest: PHASE 2 TEST 8: an unresolved department preserves the invoice in the archive
ok 194 - PHASE 2 TEST 8: an unresolved department preserves the invoice in the archive
  ---
  duration_ms: 1.834916
  ...
# Subtest: PHASE 2 TEST 9: distinct invoices sharing a generic number are never treated as the same invoice
ok 195 - PHASE 2 TEST 9: distinct invoices sharing a generic number are never treated as the same invoice
  ---
  duration_ms: 2.075958
  ...
# Subtest: derived split amounts are recomputed as equivalent before diagnostics
ok 196 - derived split amounts are recomputed as equivalent before diagnostics
  ---
  duration_ms: 2.695584
  ...
# Subtest: read-only diagnostics keep a wrong invoice date classified as a genuine conflict
ok 197 - read-only diagnostics keep a wrong invoice date classified as a genuine conflict
  ---
  duration_ms: 2.556083
  ...
# Subtest: read-only diagnostics classify confirmed split differences as genuine business conflicts
ok 198 - read-only diagnostics classify confirmed split differences as genuine business conflicts
  ---
  duration_ms: 2.204416
  ...
# Subtest: recovery migration is install-only, reuses the v2 invoice transaction and verifies child counts
ok 199 - recovery migration is install-only, reuses the v2 invoice transaction and verifies child counts
  ---
  duration_ms: 0.72575
  ...
# Subtest: TEST A: diagnostic repository path performs SELECTs only and exports a restricted report
ok 200 - TEST A: diagnostic repository path performs SELECTs only and exports a restricted report
  ---
  duration_ms: 3.683625
  ...
# Subtest: TEST B: supplier name and confirmed canonical UUID are materially equivalent
ok 201 - TEST B: supplier name and confirmed canonical UUID are materially equivalent
  ---
  duration_ms: 10.007416
  ...
# Subtest: TEST C: department name and confirmed canonical UUID are materially equivalent
ok 202 - TEST C: department name and confirmed canonical UUID are materially equivalent
  ---
  duration_ms: 5.855292
  ...
# Subtest: TEST D: a confirmed Bar versus Kitchen allocation remains a genuine conflict
ok 203 - TEST D: a confirmed Bar versus Kitchen allocation remains a genuine conflict
  ---
  duration_ms: 8.677417
  ...
# Subtest: TEST E: different split row UUIDs with the same confirmed 75/25 allocation are materially equivalent
ok 204 - TEST E: different split row UUIDs with the same confirmed 75/25 allocation are materially equivalent
  ---
  duration_ms: 13.251166
  ...
# Subtest: TEST F: a 75/25 split and a 50/50 split remain materially different
ok 205 - TEST F: a 75/25 split and a 50/50 split remain materially different
  ---
  duration_ms: 3.961375
  ...
# Subtest: TEST G: a wrong invoice date remains a real date conflict
ok 206 - TEST G: a wrong invoice date remains a real date conflict
  ---
  duration_ms: 2.945667
  ...
# Subtest: TEST H: line order changes do not create material differences
ok 207 - TEST H: line order changes do not create material differences
  ---
  duration_ms: 5.256792
  ...
# Subtest: TEST I: a pre-flagged conflict is independently compared with its current relational candidate
ok 208 - TEST I: a pre-flagged conflict is independently compared with its current relational candidate
  ---
  duration_ms: 4.788208
  ...
# Subtest: TEST J: a pre-flagged conflict with no relational match retains read-only legacy-cloud origin evidence
ok 209 - TEST J: a pre-flagged conflict with no relational match retains read-only legacy-cloud origin evidence
  ---
  duration_ms: 3.071125
  ...
# Subtest: TEST K: v2 export includes reused legacy rows, suspicious document numbers and latest relational creations
ok 210 - TEST K: v2 export includes reused legacy rows, suspicious document numbers and latest relational creations
  ---
  duration_ms: 3.157291
  ...
# Subtest: normalises comparable pack sizes and avoids false comparisons across unknown formats
ok 211 - normalises comparable pack sizes and avoids false comparisons across unknown formats
  ---
  duration_ms: 1.13325
  ...
# Subtest: allows validated manual lines to be added to parsed invoice lines
ok 212 - allows validated manual lines to be added to parsed invoice lines
  ---
  duration_ms: 0.173791
  ...
# Subtest: parses representative Cheeseman invoice rows
ok 213 - parses representative Cheeseman invoice rows
  ---
  duration_ms: 0.944208
  ...
# Subtest: corrects TG Fruits style line total accidentally mapped into unit cost
ok 214 - corrects TG Fruits style line total accidentally mapped into unit cost
  ---
  duration_ms: 0.295208
  ...
# Subtest: supplier autocomplete duplicate detection finds legal suffix and punctuation variants
ok 215 - supplier autocomplete duplicate detection finds legal suffix and punctuation variants
  ---
  duration_ms: 1.546625
  ...
# Subtest: invoice supplier propagation preserves explicit line suppliers
ok 216 - invoice supplier propagation preserves explicit line suppliers
  ---
  duration_ms: 0.665
  ...
# Subtest: supplier merge remaps history and leaves a tombstone
ok 217 - supplier merge remaps history and leaves a tombstone
  ---
  duration_ms: 2.310667
  ...
# Subtest: sync reconciliation preserves deleted supplier tombstones over stale imported rows
ok 218 - sync reconciliation preserves deleted supplier tombstones over stale imported rows
  ---
  duration_ms: 0.163125
  ...
# Subtest: changing a menu lifecycle status preserves dishes and costing data
ok 219 - changing a menu lifecycle status preserves dishes and costing data
  ---
  duration_ms: 0.522291
  ...
# Subtest: archived menus are hidden by default and status changes restore them to the normal selector
ok 220 - archived menus are hidden by default and status changes restore them to the normal selector
  ---
  duration_ms: 0.16875
  ...
# Subtest: United Kingdom and Portugal defaults are centrally defined
ok 221 - United Kingdom and Portugal defaults are centrally defined
  ---
  duration_ms: 2.653875
  ...
# Subtest: country changes update untouched defaults but retain manual regional overrides
ok 222 - country changes update untouched defaults but retain manual regional overrides
  ---
  duration_ms: 0.29925
  ...
# Subtest: onboarding validation requires business, regional, financial and real department data
ok 223 - onboarding validation requires business, regional, financial and real department data
  ---
  duration_ms: 1.005334
  ...
# Subtest: customer workspaces are routed to onboarding until complete, while internal staff are not
ok 224 - customer workspaces are routed to onboarding until complete, while internal staff are not
  ---
  duration_ms: 2.275417
  ...
# Subtest: onboarding migration persists progress, actual departments, and the server-side trial start
ok 225 - onboarding migration persists progress, actual departments, and the server-side trial start
  ---
  duration_ms: 1.34875
  ...
# Subtest: legacy recovery proves ownership through cloud and preserves exact version and context
ok 226 - legacy recovery proves ownership through cloud and preserves exact version and context
  ---
  duration_ms: 2.471667
  ...
# Subtest: unknown account and forged archive scope never grant ownership
ok 227 - unknown account and forged archive scope never grant ownership
  ---
  duration_ms: 0.077792
  ...
# Subtest: newer cloud, existing pending and duplicate archives prevent overwrite
ok 228 - newer cloud, existing pending and duplicate archives prevent overwrite
  ---
  duration_ms: 1.686125
  ...
# Subtest: rollback archive retains later work and is rechecked, never trusted on import
ok 229 - rollback archive retains later work and is rechecked, never trusted on import
  ---
  duration_ms: 0.116084
  ...
# Subtest: legacy scan is read only and skips unrelated keys
ok 230 - legacy scan is read only and skips unrelated keys
  ---
  duration_ms: 0.135292
  ...
# Subtest: volatile-work export can be recovered through the same ownership checks
ok 231 - volatile-work export can be recovered through the same ownership checks
  ---
  duration_ms: 0.054875
  ...
# Subtest: a retry context cannot redirect recovery to a different invoice
ok 232 - a retry context cannot redirect recovery to a different invoice
  ---
  duration_ms: 0.111333
  ...
# Subtest: recovery requires a specific company and location
ok 233 - recovery requires a specific company and location
  ---
  duration_ms: 0.036583
  ...
# Subtest: indexed product comparison keeps five representative product calculations unchanged
ok 234 - indexed product comparison keeps five representative product calculations unchanged
  ---
  duration_ms: 6.666792
  ...
# Subtest: generic matcher handles exact names, aliases, strong fuzzy candidates, ambiguity and no match
ok 235 - generic matcher handles exact names, aliases, strong fuzzy candidates, ambiguity and no match
  ---
  duration_ms: 4.541542
  ...
# Subtest: candidate ranking respects unit and pack conflicts
ok 236 - candidate ranking respects unit and pack conflicts
  ---
  duration_ms: 0.146458
  ...
# Subtest: basic product merge remaps references, archives the duplicate, and preserves old names as aliases
ok 237 - basic product merge remaps references, archives the duplicate, and preserves old names as aliases
  ---
  duration_ms: 1.947584
  ...
# Subtest: invoice identity changes without rewriting historical financial values
ok 238 - invoice identity changes without rewriting historical financial values
  ---
  duration_ms: 1.074709
  ...
# Subtest: recipe conflicts block the merge without mutating the input
ok 239 - recipe conflicts block the merge without mutating the input
  ---
  duration_ms: 0.987209
  ...
# Subtest: active Stock Take conflicts block rather than adding or overwriting counts
ok 240 - active Stock Take conflicts block rather than adding or overwriting counts
  ---
  duration_ms: 0.170958
  ...
# Subtest: cross-company product selection is rejected
ok 241 - cross-company product selection is rejected
  ---
  duration_ms: 1.1725
  ...
# Subtest: aliases that already identify another active product are not copied
ok 242 - aliases that already identify another active product are not copied
  ---
  duration_ms: 0.417417
  ...
# Subtest: duplicate suggestions include plural variants but exclude conflicting pack sizes
ok 243 - duplicate suggestions include plural variants but exclude conflicting pack sizes
  ---
  duration_ms: 6.207833
  ...
# Subtest: cloud merge uses one atomic RPC and propagates failures without applying partial client state
ok 244 - cloud merge uses one atomic RPC and propagates failures without applying partial client state
  ---
  duration_ms: 0.324708
  ...
# Subtest: supplier mapping conflicts preserve both rules and deterministically supersede the older one
ok 245 - supplier mapping conflicts preserve both rules and deterministically supersede the older one
  ---
  duration_ms: 0.851916
  ...
# Subtest: merge RPC migration covers every discovered relational product reference and server-side ownership
ok 246 - merge RPC migration covers every discovered relational product reference and server-side ownership
  ---
  duration_ms: 1.187959
  ...
# Subtest: normal invoice line produces a positive signed purchasing amount
ok 247 - normal invoice line produces a positive signed purchasing amount
  ---
  duration_ms: 0.50475
  ...
# Subtest: credit note line produces a negative signed purchasing amount
ok 248 - credit note line produces a negative signed purchasing amount
  ---
  duration_ms: 0.2705
  ...
# Subtest: credit-note negative unit cost is normalised without a double negative
ok 249 - credit-note negative unit cost is normalised without a double negative
  ---
  duration_ms: 0.386
  ...
# Subtest: credit-note negative quantity is normalised without a double negative
ok 250 - credit-note negative quantity is normalised without a double negative
  ---
  duration_ms: 0.156916
  ...
# Subtest: Woods credit-note source values do not block confirmation validation
ok 251 - Woods credit-note source values do not block confirmation validation
  ---
  duration_ms: 2.024083
  ...
# Subtest: manual change from invoice to credit note clears stale negative-value blockers
ok 252 - manual change from invoice to credit note clears stale negative-value blockers
  ---
  duration_ms: 1.014709
  ...
# Subtest: credit-note detection recognises explicit headings and preserves document number separately
ok 253 - credit-note detection recognises explicit headings and preserves document number separately
  ---
  duration_ms: 0.375917
  ...
# Subtest: duplicate detection separates invoice and credit note with the same supplier document number
ok 254 - duplicate detection separates invoice and credit note with the same supplier document number
  ---
  duration_ms: 0.233083
  ...
# Subtest: equivalent re-upload resolves to the existing relational invoice
ok 255 - equivalent re-upload resolves to the existing relational invoice
  ---
  duration_ms: 0.845042
  ...
# Subtest: equivalent re-upload is also blocked while the first copy is waiting for cloud sync
ok 256 - equivalent re-upload is also blocked while the first copy is waiting for cloud sync
  ---
  duration_ms: 0.498333
  ...
# Subtest: retrying the same pending invoice does not detect itself as a duplicate
ok 257 - retrying the same pending invoice does not detect itself as a duplicate
  ---
  duration_ms: 0.130667
  ...
# Subtest: same strong number with different content requires an explicit duplicate choice
ok 258 - same strong number with different content requires an explicit duplicate choice
  ---
  duration_ms: 0.084375
  ...
# Subtest: generic Unit documents with different UUIDs and contents remain independent
ok 259 - generic Unit documents with different UUIDs and contents remain independent
  ---
  duration_ms: 0.075959
  ...
# Subtest: different generic labels do not prevent exact-content duplicate recognition
ok 260 - different generic labels do not prevent exact-content duplicate recognition
  ---
  duration_ms: 0.105167
  ...
# Subtest: signed purchasing totals reduce COGS and increase GP in the credit-note example
ok 261 - signed purchasing totals reduce COGS and increase GP in the credit-note example
  ---
  duration_ms: 0.054167
  ...
# Subtest: SaaS foundation keeps internal staff explicit and separate from customer membership
ok 262 - SaaS foundation keeps internal staff explicit and separate from customer membership
  ---
  duration_ms: 0.519958
  ...
# Subtest: SaaS foundation prevents customer subscription and staff-role mutation through normal RLS access
ok 263 - SaaS foundation prevents customer subscription and staff-role mutation through normal RLS access
  ---
  duration_ms: 0.217375
  ...
# Subtest: SaaS foundation provisions a dormant fourteen-day trial and resolves expiry from time
ok 264 - SaaS foundation provisions a dormant fourteen-day trial and resolves expiry from time
  ---
  duration_ms: 0.15275
  ...
# Subtest: Sales Comparison ranges derive from the chosen week, not the page period
ok 265 - Sales Comparison ranges derive from the chosen week, not the page period
  ---
  duration_ms: 2.819916
  ...
# Subtest: Sales Comparison ranges recalculate for a second chosen week
ok 266 - Sales Comparison ranges recalculate for a second chosen week
  ---
  duration_ms: 0.220542
  ...
# Subtest: relational sales rows preserve gross/net totals for Sales, Dashboard and GP inputs
ok 267 - relational sales rows preserve gross/net totals for Sales, Dashboard and GP inputs
  ---
  duration_ms: 18.7365
  ...
# Subtest: stocktake count parser keeps blank distinct from explicit zero
ok 268 - stocktake count parser keeps blank distinct from explicit zero
  ---
  duration_ms: 1.458125
  ...
# Subtest: full product-list import updates only explicit counts and preserves zero
ok 269 - full product-list import updates only explicit counts and preserves zero
  ---
  duration_ms: 2.873416
  ...
# Subtest: partial stocktake imports patch existing counts across repeated imports
ok 270 - partial stocktake imports patch existing counts across repeated imports
  ---
  duration_ms: 1.123667
  ...
# Subtest: new explicit stocktake value overwrites an old count while invalid and missing rows do not
ok 271 - new explicit stocktake value overwrites an old count while invalid and missing rows do not
  ---
  duration_ms: 1.690959
  ...
# Subtest: stocktake template leaves every Count cell blank and retains internal product IDs
ok 272 - stocktake template leaves every Count cell blank and retains internal product IDs
  ---
  duration_ms: 12.993292
  ...
# Subtest: MarginFlow template trusts a valid Product ID even when the visible name was edited
ok 273 - MarginFlow template trusts a valid Product ID even when the visible name was edited
  ---
  duration_ms: 0.168708
  ...
# Subtest: external simple lists auto-confirm exact and alias rows but require fuzzy review
ok 274 - external simple lists auto-confirm exact and alias rows but require fuzzy review
  ---
  duration_ms: 1.085875
  ...
# Subtest: external ambiguous and unknown rows stay unresolved until selected or ignored
ok 275 - external ambiguous and unknown rows stay unresolved until selected or ignored
  ---
  duration_ms: 0.385791
  ...
# Subtest: live, MarginFlow import and external import entries share patch and overwrite semantics
ok 276 - live, MarginFlow import and external import entries share patch and overwrite semantics
  ---
  duration_ms: 0.296
  ...
# Subtest: Stock Take matching honors ID, code, safe fuzzy review, and pack compatibility
ok 277 - Stock Take matching honors ID, code, safe fuzzy review, and pack compatibility
  ---
  duration_ms: 3.390583
  ...
# Subtest: a newly created product is available after the shared product index refreshes
ok 278 - a newly created product is available after the shared product index refreshes
  ---
  duration_ms: 0.98475
  ...
# Subtest: builds stocktake report data from saved stocktake lines only
ok 279 - builds stocktake report data from saved stocktake lines only
  ---
  duration_ms: 10.008
  ...
# Subtest: rejects stocktakes outside the active company scope
ok 280 - rejects stocktakes outside the active company scope
  ---
  duration_ms: 0.216166
  ...
# Subtest: rejects selected stocktakes with no counted lines
ok 281 - rejects selected stocktakes with no counted lines
  ---
  duration_ms: 0.067166
  ...
# Subtest: table search returns every matching row rather than a visible subset
ok 282 - table search returns every matching row rather than a visible subset
  ---
  duration_ms: 1.204292
  ...
# Subtest: working invoice browser retains pending versions without changing confirmed financial collection
ok 283 - working invoice browser retains pending versions without changing confirmed financial collection
  ---
  duration_ms: 0.545708
  ...
# Subtest: supplier day counts all confirmed invoices and signed credits while a pending copy stays available separately
ok 284 - supplier day counts all confirmed invoices and signed credits while a pending copy stays available separately
  ---
  duration_ms: 7.890958
  ...
# Subtest: no sales data displays a muted empty value
ok 285 - no sales data displays a muted empty value
  ---
  duration_ms: 0.304542
  ...
# Subtest: a real zero waste record remains visible
ok 286 - a real zero waste record remains visible
  ---
  duration_ms: 0.052167
  ...
# Subtest: unavailable GP displays a muted empty value
ok 287 - unavailable GP displays a muted empty value
  ---
  duration_ms: 0.043417
  ...
# Subtest: a real zero business value remains visible
ok 288 - a real zero business value remains visible
  ---
  duration_ms: 0.037125
  ...
# Subtest: a supplier with no invoice data displays a muted empty value
ok 289 - a supplier with no invoice data displays a muted empty value
  ---
  duration_ms: 0.039208
  ...
# Subtest: a supplier real zero invoice remains visible
ok 290 - a supplier real zero invoice remains visible
  ---
  duration_ms: 0.174333
  ...
# Subtest: weekly navigation moves full Monday-Sunday periods by exactly seven days
ok 291 - weekly navigation moves full Monday-Sunday periods by exactly seven days
  ---
  duration_ms: 1.812792
  ...
# Subtest: canAccessFeature requires auth, active membership, enabled feature and beta role
ok 292 - canAccessFeature requires auth, active membership, enabled feature and beta role
  ---
  duration_ms: 0.475542
  ...
# Subtest: shiftDurationHours handles unpaid breaks and overnight shifts
ok 293 - shiftDurationHours handles unpaid breaks and overnight shifts
  ---
  duration_ms: 0.098875
  ...
# Subtest: startOfWeek respects Monday and Sunday week starts
ok 294 - startOfWeek respects Monday and Sunday week starts
  ---
  duration_ms: 0.773958
  ...
# Subtest: shiftsOverlap only compares shifts for the same employee and date
ok 295 - shiftsOverlap only compares shifts for the same employee and date
  ---
  duration_ms: 0.182083
  ...
# Subtest: buildShiftWarnings classifies blocking overlap and softer scheduling issues
ok 296 - buildShiftWarnings classifies blocking overlap and softer scheduling issues
  ---
  duration_ms: 0.503916
  ...
# Subtest: calculateRemainingHoliday separates allowance, adjustments, used and pending leave
ok 297 - calculateRemainingHoliday separates allowance, adjustments, used and pending leave
  ---
  duration_ms: 0.451041
  ...
# Subtest: account, company and location switches cannot read or overwrite earlier work
ok 298 - account, company and location switches cannot read or overwrite earlier work
  ---
  duration_ms: 0.457083
  ...
# Subtest: legacy data is retained verbatim and never attributed to a newly signed-in account
ok 299 - legacy data is retained verbatim and never attributed to a newly signed-in account
  ---
  duration_ms: 0.730625
  ...
# Subtest: backups and delayed writes remain bound to their original account
ok 300 - backups and delayed writes remain bound to their original account
  ---
  duration_ms: 1.355708
  ...
# Subtest: storage failures report non-durability without deleting existing values
ok 301 - storage failures report non-durability without deleting existing values
  ---
  duration_ms: 0.159583
  ...
# Subtest: quota failure retains exact volatile work for export without overwriting saved data
ok 302 - quota failure retains exact volatile work for export without overwriting saved data
  ---
  duration_ms: 0.119625
  ...
# Subtest: serialization failures also report non-durability instead of success
ok 303 - serialization failures also report non-durability instead of success
  ---
  duration_ms: 0.067125
  ...
# Subtest: authorised owner is not locked out by a stale false access RPC
ok 304 - authorised owner is not locked out by a stale false access RPC
  ---
  duration_ms: 0.604416
  ...
# Subtest: disabled company feature still denies access
ok 305 - disabled company feature still denies access
  ---
  duration_ms: 0.192792
  ...
# Subtest: private beta still denies a non-privileged member
ok 306 - private beta still denies a non-privileged member
  ---
  duration_ms: 0.627458
  ...
1..306
# tests 306
# suites 0
# pass 306
# fail 0
# cancelled 0
# skipped 0
# todo 0
# duration_ms 574.523875
Staging/local build: production release evidence is not required. No deployment performed.

> marginflow-v2@0.1.0 build
> vite build --mode staging

vite v6.4.3 building for staging...
transforming...
✓ 1950 modules transformed.
rendering chunks...
computing gzip size...
dist/index.html                                     0.40 kB │ gzip:   0.26 kB
dist/assets/marginflow-logo-CiAKghOj.png          148.83 kB
dist/assets/pdf.worker.min-yatZIOMy.mjs         1,375.84 kB
dist/assets/index-CfGUudoe.css                    162.47 kB │ gzip:  27.96 kB
dist/assets/purify.es-DP5U8-sc.js                  29.17 kB │ gzip:  10.99 kB
dist/assets/jspdf.plugin.autotable-CxxEjV4y.js     31.12 kB │ gzip:   9.92 kB
dist/assets/index.es-C8Lo6HBL.js                  159.64 kB │ gzip:  53.54 kB
dist/assets/html2canvas.esm-QH1iLAAe.js           202.38 kB │ gzip:  48.04 kB
dist/assets/jspdf.es.min-BBs3UqfB.js              390.79 kB │ gzip: 128.83 kB
dist/assets/exceljs.min-JtIyF_Ov.js               940.19 kB │ gzip: 271.33 kB
dist/assets/index-C1Kevstx.js                   1,715.55 kB │ gzip: 478.59 kB

(!) Some chunks are larger than 500 kB after minification. Consider:
- Using dynamic import() to code-split the application
- Use build.rollupOptions.output.manualChunks to improve chunking: https://rollupjs.org/configuration-options/#output-manualchunks
- Adjust chunk size limit for this warning via build.chunkSizeWarningLimit.
✓ built in 4.92s
