
> marginflow-v2@0.1.0 prebuild
> npm run safety:check && npm test && node scripts/check-production-release.mjs


> marginflow-v2@0.1.0 safety:check
> node scripts/check-data-safety.mjs

Data safety check passed: 44 original migrations unchanged; no new migration. This does not verify live backups or production configuration.

> marginflow-v2@0.1.0 test
> node --test src/domain/*.test.js src/workforce/*.test.js scripts/*.test.mjs

TAP version 13
# Subtest: unverified imported labour dataset has no distributed source or reset path
ok 1 - unverified imported labour dataset has no distributed source or reset path
  ---
  duration_ms: 2.151583
  ...
# Subtest: demonstration staff use explicitly fictional labels
ok 2 - demonstration staff use explicitly fictional labels
  ---
  duration_ms: 0.348916
  ...
# Subtest: archive identity preserves scope, bytes, name and distinguishes changed originals
ok 3 - archive identity preserves scope, bytes, name and distinguishes changed originals
  ---
  duration_ms: 12.0115
  ...
# Subtest: failure followed by retry archives bytes and exactly one association, with immutable object
ok 4 - failure followed by retry archives bytes and exactly one association, with immutable object
  ---
  duration_ms: 3.115709
  ...
# Subtest: existing different bytes cannot be overwritten or declared archived
ok 5 - existing different bytes cannot be overwritten or declared archived
  ---
  duration_ms: 1.2805
  ...
# Subtest: original metadata requires canonical account, location and invoice; never queries unscoped
ok 6 - original metadata requires canonical account, location and invoice; never queries unscoped
  ---
  duration_ms: 1.157
  ...
# Subtest: attachment reads apply all three identity filters and retain original path
ok 7 - attachment reads apply all three identity filters and retain original path
  ---
  duration_ms: 0.62875
  ...
# Subtest: failed or cross-scope attachment response is not presented as an available original
ok 8 - failed or cross-scope attachment response is not presented as an available original
  ---
  duration_ms: 0.515584
  ...
# Subtest: production requires evidence for the exact code and database project
ok 9 - production requires evidence for the exact code and database project
  ---
  duration_ms: 0.644375
  ...
# Subtest: expired evidence, future dates and unrestored backups block production
ok 10 - expired evidence, future dates and unrestored backups block production
  ---
  duration_ms: 0.145042
  ...
# Subtest: supervised ambiguous archive preserves original bytes without plaintext exposure
ok 11 - supervised ambiguous archive preserves original bytes without plaintext exposure
  ---
  duration_ms: 475.487583
  ...
# Subtest: internal navigation is separate from the customer workspace
ok 12 - internal navigation is separate from the customer workspace
  ---
  duration_ms: 0.675041
  ...
# Subtest: customer sign out and admin subscription purpose stay visible in the UI contract
ok 13 - customer sign out and admin subscription purpose stay visible in the UI contract
  ---
  duration_ms: 0.483042
  ...
# Subtest: admin company filters and subscription trial states remain deterministic
ok 14 - admin company filters and subscription trial states remain deterministic
  ---
  duration_ms: 0.171708
  ...
# Subtest: 4C migration keeps subscription, staff, support, and audit paths server-authorized
ok 15 - 4C migration keeps subscription, staff, support, and audit paths server-authorized
  ---
  duration_ms: 0.83575
  ...
# Subtest: permission groups expose granular overrides without granting support writes by default
ok 16 - permission groups expose granular overrides without granting support writes by default
  ---
  duration_ms: 0.55375
  ...
# Subtest: customer settings keep destructive recovery owner-only and remove customer cloud migration UI
ok 17 - customer settings keep destructive recovery owner-only and remove customer cloud migration UI
  ---
  duration_ms: 2.505625
  ...
# Subtest: chart domain keeps zero distinct from unavailable data
ok 18 - chart domain keeps zero distinct from unavailable data
  ---
  duration_ms: 0.39375
  ...
# Subtest: chart domain contains negative credit values and positive sales
ok 19 - chart domain contains negative credit values and positive sales
  ---
  duration_ms: 0.069958
  ...
# Subtest: chart line breaks at missing observations rather than inventing values
ok 20 - chart line breaks at missing observations rather than inventing values
  ---
  duration_ms: 0.355583
  ...
# Subtest: chart handles one observation, all negative values and decimals
ok 21 - chart handles one observation, all negative values and decimals
  ---
  duration_ms: 0.084459
  ...
# Subtest: TEST A: frontend and migration use the canonical RPC contract
ok 22 - TEST A: frontend and migration use the canonical RPC contract
  ---
  duration_ms: 3.2755
  ...
# Subtest: TEST B: matching revision saves once and advances revision 10 to 11
ok 23 - TEST B: matching revision saves once and advances revision 10 to 11
  ---
  duration_ms: 0.665
  ...
# Subtest: invoice snapshots are never written by revisioned module sync
ok 24 - invoice snapshots are never written by revisioned module sync
  ---
  duration_ms: 0.222666
  ...
# Subtest: sales snapshots are never written by revisioned module sync
ok 25 - sales snapshots are never written by revisioned module sync
  ---
  duration_ms: 0.097
  ...
# Subtest: TEST C: stale revision conflict rejects the write rather than replacing newer cloud state
ok 26 - TEST C: stale revision conflict rejects the write rather than replacing newer cloud state
  ---
  duration_ms: 0.413875
  ...
# Subtest: TEST D: missing RPC leaves local data intact and the module pending
ok 27 - TEST D: missing RPC leaves local data intact and the module pending
  ---
  duration_ms: 0.152458
  ...
# Subtest: TEST E: retry after RPC recovery is idempotent and does not duplicate a save
ok 28 - TEST E: retry after RPC recovery is idempotent and does not duplicate a save
  ---
  duration_ms: 0.177584
  ...
# Subtest: a later module failure preserves completed module progress for retry
ok 29 - a later module failure preserves completed module progress for retry
  ---
  duration_ms: 0.355375
  ...
# Subtest: unchanged modules are not rewritten
ok 30 - unchanged modules are not rewritten
  ---
  duration_ms: 0.441708
  ...
# Subtest: fresh-device read loads every invoice, line and split beyond the server cap, without writes
ok 31 - fresh-device read loads every invoice, line and split beyond the server cap, without writes
  ---
  duration_ms: 79.712584
  ...
# Subtest: an intermediate page failure rejects the load instead of returning partial financial data
ok 32 - an intermediate page failure rejects the load instead of returning partial financial data
  ---
  duration_ms: 24.246042
  ...
# Subtest: a cloud revision changed during the document read is rejected
ok 33 - a cloud revision changed during the document read is rejected
  ---
  duration_ms: 58.263
  ...
# Subtest: missing counts, empty partial pages and repeated rows cannot masquerade as complete data
ok 34 - missing counts, empty partial pages and repeated rows cannot masquerade as complete data
  ---
  duration_ms: 0.188458
  ...
# Subtest: pending edits survive a newer cloud revision but cannot change official totals
ok 35 - pending edits survive a newer cloud revision but cannot change official totals
  ---
  duration_ms: 0.851959
  ...
# Subtest: only a confirmed write advances the financial view, and an older acknowledgement cannot revert it
ok 36 - only a confirmed write advances the financial view, and an older acknowledgement cannot revert it
  ---
  duration_ms: 0.074667
  ...
# Subtest: a pending document with a different UUID is not silently discarded by identity matching
ok 37 - a pending document with a different UUID is not silently discarded by identity matching
  ---
  duration_ms: 0.125709
  ...
# Subtest: sales beyond the response cap retain every selected entry and department total
ok 38 - sales beyond the response cap retain every selected entry and department total
  ---
  duration_ms: 106.069959
  ...
# Subtest: laptop and mobile invoice collections reconcile without losing distinct work
ok 39 - laptop and mobile invoice collections reconcile without losing distinct work
  ---
  duration_ms: 2.531958
  ...
# Subtest: TEST F: a Device / legacy invoice survives cloud hydration
ok 40 - TEST F: a Device / legacy invoice survives cloud hydration
  ---
  duration_ms: 0.354916
  ...
# Subtest: TEST G: a stale device snapshot cannot remove a cloud-only invoice
ok 41 - TEST G: a stale device snapshot cannot remove a cloud-only invoice
  ---
  duration_ms: 0.238416
  ...
# Subtest: emergency backup works from device state and strips authentication secrets
ok 42 - emergency backup works from device state and strips authentication secrets
  ---
  duration_ms: 1.267209
  ...
# Subtest: backup recovery preview separates existing, missing and conflicting invoices
ok 43 - backup recovery preview separates existing, missing and conflicting invoices
  ---
  duration_ms: 2.607375
  ...
# Subtest: invoice-only recovery dry run classifies every backup invoice without writes
ok 44 - invoice-only recovery dry run classifies every backup invoice without writes
  ---
  duration_ms: 12.192583
  ...
# Subtest: invoice-only dry run treats conflicting backup duplicates as manual review, not inserts
ok 45 - invoice-only dry run treats conflicting backup duplicates as manual review, not inserts
  ---
  duration_ms: 0.271458
  ...
# Subtest: backup company scope and supplier name identify a legacy invoice despite relational-only IDs
ok 46 - backup company scope and supplier name identify a legacy invoice despite relational-only IDs
  ---
  duration_ms: 0.242375
  ...
# Subtest: same invoice identity with different contents remains an explicit conflict
ok 47 - same invoice identity with different contents remains an explicit conflict
  ---
  duration_ms: 0.276334
  ...
# Subtest: TEST H: conflict reconciliation preserves both versions for Review conflict
ok 48 - TEST H: conflict reconciliation preserves both versions for Review conflict
  ---
  duration_ms: 0.33975
  ...
# Subtest: relational operational hydration prefers canonical rows over stale snapshots
ok 49 - relational operational hydration prefers canonical rows over stale snapshots
  ---
  duration_ms: 0.2715
  ...
# Subtest: relational operational hydration keeps cached relational invoices when a refresh is incomplete
ok 50 - relational operational hydration keeps cached relational invoices when a refresh is incomplete
  ---
  duration_ms: 0.061416
  ...
# Subtest: relational operational hydration preserves cached relational invoices missing from a partial refresh
ok 51 - relational operational hydration preserves cached relational invoices missing from a partial refresh
  ---
  duration_ms: 0.053625
  ...
# Subtest: relational refresh does not replace a pending date edit with the previous cloud version
ok 52 - relational refresh does not replace a pending date edit with the previous cloud version
  ---
  duration_ms: 0.158791
  ...
# Subtest: stale relational refresh cannot overwrite a successfully saved newer invoice revision
ok 53 - stale relational refresh cannot overwrite a successfully saved newer invoice revision
  ---
  duration_ms: 0.076375
  ...
# Subtest: backup inspection rejects unrelated or malformed JSON objects
ok 54 - backup inspection rejects unrelated or malformed JSON objects
  ---
  duration_ms: 0.086917
  ...
# Subtest: existing company is active Pro with the full feature set
ok 55 - existing company is active Pro with the full feature set
  ---
  duration_ms: 1.229625
  ...
# Subtest: Basic, Plus and Pro feature matrices are additive and invoice AI is included in each
ok 56 - Basic, Plus and Pro feature matrices are additive and invoice AI is included in each
  ---
  duration_ms: 0.108833
  ...
# Subtest: a valid trial receives Pro features and expires immediately from its authoritative end timestamp
ok 57 - a valid trial receives Pro features and expires immediately from its authoritative end timestamp
  ---
  duration_ms: 0.072791
  ...
# Subtest: custom entitlements supplement the plan without plan-name checks
ok 58 - custom entitlements supplement the plan without plan-name checks
  ---
  duration_ms: 0.053
  ...
# Subtest: one exact supplier product match resolves every affected invoice dependency automatically
ok 59 - one exact supplier product match resolves every affected invoice dependency automatically
  ---
  duration_ms: 10.706209
  ...
# Subtest: single department allocation equals one 100 percent split
ok 60 - single department allocation equals one 100 percent split
  ---
  duration_ms: 2.902583
  ...
# Subtest: 50/50 allocation does not equal one 100 percent department
ok 61 - 50/50 allocation does not equal one 100 percent department
  ---
  duration_ms: 12.824375
  ...
# Subtest: historical qty fallback is compatible with kg only when relational hydration proves it
ok 62 - historical qty fallback is compatible with kg only when relational hydration proves it
  ---
  duration_ms: 1.621667
  ...
# Subtest: kg and qty remain different without the historical persistence marker
ok 63 - kg and qty remain different without the historical persistence marker
  ---
  duration_ms: 1.3405
  ...
# Subtest: line comparison is order-independent but preserves duplicate multiplicity
ok 64 - line comparison is order-independent but preserves duplicate multiplicity
  ---
  duration_ms: 1.424083
  ...
# Subtest: currency line rounding tolerates raw multiplication but quantity precision stays material
ok 65 - currency line rounding tolerates raw multiplication but quantity precision stays material
  ---
  duration_ms: 0.865083
  ...
# Subtest: one equivalent generic-number candidate becomes a probable duplicate, not a migration
ok 66 - one equivalent generic-number candidate becomes a probable duplicate, not a migration
  ---
  duration_ms: 0.92625
  ...
# Subtest: same UUID generic-number invoice remains the strongest identity
ok 67 - same UUID generic-number invoice remains the strongest identity
  ---
  duration_ms: 2.010208
  ...
# Subtest: confirmed department mapping resolves exact legacy references
ok 68 - confirmed department mapping resolves exact legacy references
  ---
  duration_ms: 2.38625
  ...
# Subtest: safe financial repair requires same UUID, fingerprint and equivalent simple structure
ok 69 - safe financial repair requires same UUID, fingerprint and equivalent simple structure
  ---
  duration_ms: 0.543917
  ...
# Subtest: financial repair preview excludes different UUID and missing fingerprint
ok 70 - financial repair preview excludes different UUID and missing fingerprint
  ---
  duration_ms: 0.062625
  ...
# Subtest: active classifications are disjoint and device reconciliation uses the same preview
ok 71 - active classifications are disjoint and device reconciliation uses the same preview
  ---
  duration_ms: 2.363625
  ...
# Subtest: recovery completion requires no migration and no unexplained conflict
ok 72 - recovery completion requires no migration and no unexplained conflict
  ---
  duration_ms: 0.065125
  ...
# Subtest: final migration is additive and installs guarded RPC contracts without destructive invoice DML
ok 73 - final migration is additive and installs guarded RPC contracts without destructive invoice DML
  ---
  duration_ms: 0.381667
  ...
# Subtest: server normalizer covers historical aliases and protects legitimate zero payloads
ok 74 - server normalizer covers historical aliases and protects legitimate zero payloads
  ---
  duration_ms: 0.116584
  ...
# Subtest: repair RPC checks revision, fingerprint and current header before changing headers only
ok 75 - repair RPC checks revision, fingerprint and current header before changing headers only
  ---
  duration_ms: 0.096042
  ...
# Subtest: Final Recovery preflight has minimum authenticated read grants without bypassing RLS
ok 76 - Final Recovery preflight has minimum authenticated read grants without bypassing RLS
  ---
  duration_ms: 1.423875
  ...
# Subtest: splits one multi-page PDF when invoice numbers change between pages
ok 77 - splits one multi-page PDF when invoice numbers change between pages
  ---
  duration_ms: 3.615
  ...
# Subtest: splits Elite pages when invoice date appears before invoice number
ok 78 - splits Elite pages when invoice date appears before invoice number
  ---
  duration_ms: 0.441708
  ...
# Subtest: splits Elite pages when header labels and values are extracted separately
ok 79 - splits Elite pages when header labels and values are extracted separately
  ---
  duration_ms: 0.839917
  ...
# Subtest: keeps multi-page invoices together when the same invoice number repeats
ok 80 - keeps multi-page invoices together when the same invoice number repeats
  ---
  duration_ms: 0.3285
  ...
# Subtest: starts a new document for each separate uploaded file
ok 81 - starts a new document for each separate uploaded file
  ---
  duration_ms: 0.273208
  ...
# Subtest: falls back to one document per uploaded file when no document numbers are readable
ok 82 - falls back to one document per uploaded file when no document numbers are readable
  ---
  duration_ms: 0.760917
  ...
# Subtest: keeps separate uploaded PDFs separate even when only the first has readable identity
ok 83 - keeps separate uploaded PDFs separate even when only the first has readable identity
  ---
  duration_ms: 0.463667
  ...
# Subtest: still splits multiple invoices inside one uploaded PDF when grouping by source file
ok 84 - still splits multiple invoices inside one uploaded PDF when grouping by source file
  ---
  duration_ms: 1.725167
  ...
# Subtest: marks existing supplier and document number matches as possible duplicates
ok 85 - marks existing supplier and document number matches as possible duplicates
  ---
  duration_ms: 0.621917
  ...
# Subtest: marks extraction review flags separately from ready invoices
ok 86 - marks extraction review flags separately from ready invoices
  ---
  duration_ms: 0.285375
  ...
# Subtest: queue processes independent invoices with partial failures
ok 87 - queue processes independent invoices with partial failures
  ---
  duration_ms: 0.896583
  ...
# Subtest: hydrate preserves completed results and marks interrupted work for retry
ok 88 - hydrate preserves completed results and marks interrupted work for retry
  ---
  duration_ms: 0.626625
  ...
# Subtest: hydrate repairs legacy batch invoice values before the review screen renders
ok 89 - hydrate repairs legacy batch invoice values before the review screen renders
  ---
  duration_ms: 0.32325
  ...
# Subtest: batch keeps a cloud sync failure visible and retryable
ok 90 - batch keeps a cloud sync failure visible and retryable
  ---
  duration_ms: 0.133833
  ...
# Subtest: batch only marks an invoice imported after persistence succeeds
ok 91 - batch only marks an invoice imported after persistence succeeds
  ---
  duration_ms: 0.070458
  ...
# Subtest: groups every invoice for the same supplier and invoice date
ok 92 - groups every invoice for the same supplier and invoice date
  ---
  duration_ms: 8.506541
  ...
# Subtest: returns an empty daily group when no supplier invoice exists
ok 93 - returns an empty daily group when no supplier invoice exists
  ---
  duration_ms: 0.144875
  ...
# Subtest: normal invoice derives a gross total from complete lines
ok 94 - normal invoice derives a gross total from complete lines
  ---
  duration_ms: 1.124791
  ...
# Subtest: VAT invoice gross total includes header VAT
ok 95 - VAT invoice gross total includes header VAT
  ---
  duration_ms: 2.021375
  ...
# Subtest: discount invoice distinguishes pre-discount subtotal from final net alias
ok 96 - discount invoice distinguishes pre-discount subtotal from final net alias
  ---
  duration_ms: 0.176
  ...
# Subtest: additional charge is included once in derived gross total
ok 97 - additional charge is included once in derived gross total
  ---
  duration_ms: 0.091209
  ...
# Subtest: handling and delivery aliases combine when additionalCharges is absent
ok 98 - handling and delivery aliases combine when additionalCharges is absent
  ---
  duration_ms: 0.126209
  ...
# Subtest: legitimate zero invoice remains zero
ok 99 - legitimate zero invoice remains zero
  ---
  duration_ms: 0.080791
  ...
# Subtest: legitimate fully discounted zero invoice is not replaced by its positive line sum
ok 100 - legitimate fully discounted zero invoice is not replaced by its positive line sum
  ---
  duration_ms: 0.108958
  ...
# Subtest: nonzero canonical gross total wins over legacy aliases
ok 101 - nonzero canonical gross total wins over legacy aliases
  ---
  duration_ms: 0.060125
  ...
# Subtest: old mobile payload aliases become canonical server-facing fields
ok 102 - old mobile payload aliases become canonical server-facing fields
  ---
  duration_ms: 0.278875
  ...
# Subtest: credit note canonical values remain absolute for the signed database model
ok 103 - credit note canonical values remain absolute for the signed database model
  ---
  duration_ms: 0.273292
  ...
# Subtest: normalizes supplier product codes without losing displayed code elsewhere
ok 104 - normalizes supplier product codes without losing displayed code elsewhere
  ---
  duration_ms: 1.704791
  ...
# Subtest: confirmed learned allocation stays ahead of a matched product default
ok 105 - confirmed learned allocation stays ahead of a matched product default
  ---
  duration_ms: 0.896041
  ...
# Subtest: exact supplier code mapping returns the confirmed product
ok 106 - exact supplier code mapping returns the confirmed product
  ---
  duration_ms: 0.487458
  ...
# Subtest: auto-matched supplier code lines validate without a manual click for invoices and credit notes
ok 107 - auto-matched supplier code lines validate without a manual click for invoices and credit notes
  ---
  duration_ms: 0.862792
  ...
# Subtest: same supplier code from a different supplier or organisation does not match
ok 108 - same supplier code from a different supplier or organisation does not match
  ---
  duration_ms: 1.776375
  ...
# Subtest: confirmed description mapping waits for repeated confirmation
ok 109 - confirmed description mapping waits for repeated confirmation
  ---
  duration_ms: 0.596875
  ...
# Subtest: learned supplier rules auto-resolve product validation
ok 110 - learned supplier rules auto-resolve product validation
  ---
  duration_ms: 0.486875
  ...
# Subtest: exact existing product and aliases match without creating products
ok 111 - exact existing product and aliases match without creating products
  ---
  duration_ms: 0.7395
  ...
# Subtest: pack-size conflicts prevent unsafe automatic mapping
ok 112 - pack-size conflicts prevent unsafe automatic mapping
  ---
  duration_ms: 1.176958
  ...
# Subtest: ambiguous fuzzy product suggestions require review
ok 113 - ambiguous fuzzy product suggestions require review
  ---
  duration_ms: 9.950084
  ...
# Subtest: duplicate protection finds similar explicit product creations
ok 114 - duplicate protection finds similar explicit product creations
  ---
  duration_ms: 0.229542
  ...
# Subtest: explicit create-new product decision overrides fuzzy suggestions without changing the product name
ok 115 - explicit create-new product decision overrides fuzzy suggestions without changing the product name
  ---
  duration_ms: 1.791375
  ...
# Subtest: existing product suggestions can be manually selected and persist through confirmation
ok 116 - existing product suggestions can be manually selected and persist through confirmation
  ---
  duration_ms: 0.303042
  ...
# Subtest: RED CHILLIES product search result binds directly without create-new flow
ok 117 - RED CHILLIES product search result binds directly without create-new flow
  ---
  duration_ms: 0.19
  ...
# Subtest: fuzzy product search result also binds as a confirmed manual existing product
ok 118 - fuzzy product search result also binds as a confirmed manual existing product
  ---
  duration_ms: 0.1155
  ...
# Subtest: create-new duplicate review offers existing products before final confirmation
ok 119 - create-new duplicate review offers existing products before final confirmation
  ---
  duration_ms: 0.266125
  ...
# Subtest: likely duplicate create-new review can still create a genuinely distinct product
ok 120 - likely duplicate create-new review can still create a genuinely distinct product
  ---
  duration_ms: 0.094792
  ...
# Subtest: explicit create-new is materialized once per confirmation and exact duplicates block
ok 121 - explicit create-new is materialized once per confirmation and exact duplicates block
  ---
  duration_ms: 0.080458
  ...
# Subtest: existing-product selection clears create-new state
ok 122 - existing-product selection clears create-new state
  ---
  duration_ms: 0.044375
  ...
# Subtest: manual correction takes priority after changing an automatic match
ok 123 - manual correction takes priority after changing an automatic match
  ---
  duration_ms: 0.12575
  ...
# Subtest: department fallback stays single and idempotent without saved split history
ok 124 - department fallback stays single and idempotent without saved split history
  ---
  duration_ms: 0.066042
  ...
# Subtest: duplicated automatic Kitchen 100 rows collapse to single mode instead of a 200% split
ok 125 - duplicated automatic Kitchen 100 rows collapse to single mode instead of a 200% split
  ---
  duration_ms: 0.066916
  ...
# Subtest: valid saved split loads once and duplicate split rows remain invalid for user-created splits
ok 126 - valid saved split loads once and duplicate split rows remain invalid for user-created splits
  ---
  duration_ms: 0.183
  ...
# Subtest: learning records Kitchen, Bar, Bought In and Split decisions only from saved invoices
ok 127 - learning records Kitchen, Bar, Bought In and Split decisions only from saved invoices
  ---
  duration_ms: 0.199208
  ...
# Subtest: corrected mapping supersedes the old active exact-code mapping
ok 128 - corrected mapping supersedes the old active exact-code mapping
  ---
  duration_ms: 0.100042
  ...
# Subtest: forgetting a rule stops automatic application
ok 129 - forgetting a rule stops automatic application
  ---
  duration_ms: 0.041916
  ...
# Subtest: validation marks missing product matches and invalid splits, but fallback ignores match-only review
ok 130 - validation marks missing product matches and invalid splits, but fallback ignores match-only review
  ---
  duration_ms: 0.818708
  ...
# Subtest: TG Fruits handling charge reconciles ticket total without blocking confirmation
ok 131 - TG Fruits handling charge reconciles ticket total without blocking confirmation
  ---
  duration_ms: 0.59025
  ...
# Subtest: structured handling adjustment reconciles a printed total and absent subtotal stays absent
ok 132 - structured handling adjustment reconciles a printed total and absent subtotal stays absent
  ---
  duration_ms: 0.22775
  ...
# Subtest: soft invoice and price warnings remain visible without blocking confirmation
ok 133 - soft invoice and price warnings remain visible without blocking confirmation
  ---
  duration_ms: 1.0245
  ...
# Subtest: price warnings require like-for-like unit, pack, currency, company and VAT history
ok 134 - price warnings require like-for-like unit, pack, currency, company and VAT history
  ---
  duration_ms: 0.240792
  ...
# Subtest: hard review reasons still block unsafe invoice confirmation
ok 135 - hard review reasons still block unsafe invoice confirmation
  ---
  duration_ms: 0.297917
  ...
# Subtest: user-confirmed false positive review no longer blocks the invoice
ok 136 - user-confirmed false positive review no longer blocks the invoice
  ---
  duration_ms: 0.247833
  ...
# Subtest: confirming a price warning still persists and reapplies department learning
ok 137 - confirming a price warning still persists and reapplies department learning
  ---
  duration_ms: 0.366542
  ...
# Subtest: correction history is idempotent for repeated saves
ok 138 - correction history is idempotent for repeated saves
  ---
  duration_ms: 1.28175
  ...
# Subtest: reported bug: Bar department learning survives serialized persistence and reapplies by supplier code
ok 139 - reported bug: Bar department learning survives serialized persistence and reapplies by supplier code
  ---
  duration_ms: 0.824208
  ...
# Subtest: application restart does not require reusing the in-memory mapping object
ok 140 - application restart does not require reusing the in-memory mapping object
  ---
  duration_ms: 0.335209
  ...
# Subtest: relational learning wins over snapshot fallback and inactive tombstones stay forgotten
ok 141 - relational learning wins over snapshot fallback and inactive tombstones stay forgotten
  ---
  duration_ms: 0.24925
  ...
# Subtest: relational split rows hydrate into the same learned allocation shape
ok 142 - relational split rows hydrate into the same learned allocation shape
  ---
  duration_ms: 0.350375
  ...
# Subtest: relational persistence sends the centrally normalized supplier code and complete split
ok 143 - relational persistence sends the centrally normalized supplier code and complete split
  ---
  duration_ms: 0.529416
  ...
# Subtest: same supplier product code from a different supplier does not reuse learned department
ok 144 - same supplier product code from a different supplier does not reuse learned department
  ---
  duration_ms: 0.362125
  ...
# Subtest: location-specific learned mapping does not leak into another location
ok 145 - location-specific learned mapping does not leak into another location
  ---
  duration_ms: 0.202417
  ...
# Subtest: location-specific learning overrides but does not replace the company fallback
ok 146 - location-specific learning overrides but does not replace the company fallback
  ---
  duration_ms: 0.353208
  ...
# Subtest: department correction updates the active mapping instead of creating a conflicting rule
ok 147 - department correction updates the active mapping instead of creating a conflicting rule
  ---
  duration_ms: 0.232584
  ...
# Subtest: split learning survives reload and reapplies percentages to a new total
ok 148 - split learning survives reload and reapplies percentages to a new total
  ---
  duration_ms: 0.225875
  ...
# Subtest: description-only mapping uses normalized description, unit and pack size after repeated confirmations
ok 149 - description-only mapping uses normalized description, unit and pack size after repeated confirmations
  ---
  duration_ms: 0.309334
  ...
# Subtest: committed manual invoice selection persists and auto-applies by normalized supplier description
ok 150 - committed manual invoice selection persists and auto-applies by normalized supplier description
  ---
  duration_ms: 0.184958
  ...
# Subtest: manual description learning stays supplier-scoped and a later confirmed correction wins
ok 151 - manual description learning stays supplier-scoped and a later confirmed correction wins
  ---
  duration_ms: 0.396083
  ...
# Subtest: an invoice update replaces a legacy source id without leaving a duplicate
ok 152 - an invoice update replaces a legacy source id without leaving a duplicate
  ---
  duration_ms: 0.572417
  ...
# Subtest: confirmed invoice persistence sends the full document to one atomic RPC
ok 153 - confirmed invoice persistence sends the full document to one atomic RPC
  ---
  duration_ms: 7.096542
  ...
# Subtest: legacy financial aliases are normalized into the v2 RPC header fields
ok 154 - legacy financial aliases are normalized into the v2 RPC header fields
  ---
  duration_ms: 0.492709
  ...
# Subtest: a nonzero legacy total alias is not hidden by an earlier zero canonical field
ok 155 - a nonzero legacy total alias is not hidden by an earlier zero canonical field
  ---
  duration_ms: 0.329583
  ...
# Subtest: statement timeout leaves the invoice locally recoverable as failed sync
ok 156 - statement timeout leaves the invoice locally recoverable as failed sync
  ---
  duration_ms: 2.67425
  ...
# Subtest: duplicate conflicts remain local but are not retried automatically
ok 157 - duplicate conflicts remain local but are not retried automatically
  ---
  duration_ms: 0.727625
  ...
# Subtest: failed edit retry preserves the update target and revision until cloud persistence succeeds
ok 158 - failed edit retry preserves the update target and revision until cloud persistence succeeds
  ---
  duration_ms: 0.578209
  ...
# Subtest: retry remains idempotent because it reuses the invoice and line UUIDs
ok 159 - retry remains idempotent because it reuses the invoice and line UUIDs
  ---
  duration_ms: 0.815209
  ...
# Subtest: transient line and split UUIDs are namespaced to their invoice before persistence
ok 160 - transient line and split UUIDs are namespaced to their invoice before persistence
  ---
  duration_ms: 3.7335
  ...
# Subtest: canonical retry and relational edit preserve their persisted child identifiers
ok 161 - canonical retry and relational edit preserve their persisted child identifiers
  ---
  duration_ms: 1.687583
  ...
# Subtest: legacy invoice rows and splits receive stable deterministic UUIDs before the local pending save
ok 162 - legacy invoice rows and splits receive stable deterministic UUIDs before the local pending save
  ---
  duration_ms: 1.926208
  ...
# Subtest: TEST J: fresh device loads relational invoice rows with lines and splits
ok 163 - TEST J: fresh device loads relational invoice rows with lines and splits
  ---
  duration_ms: 2.058208
  ...
# Subtest: recovery imports only the previewed missing invoice and leaves existing cloud rows intact
ok 164 - recovery imports only the previewed missing invoice and leaves existing cloud rows intact
  ---
  duration_ms: 1.10925
  ...
# Subtest: explicit duplicate update sends the selected target and expected revision without merging lines
ok 165 - explicit duplicate update sends the selected target and expected revision without merging lines
  ---
  duration_ms: 0.7655
  ...
# Subtest: cloud-first migration is additive, keeps RLS, and contains no destructive business-data DML
ok 166 - cloud-first migration is additive, keeps RLS, and contains no destructive business-data DML
  ---
  duration_ms: 0.952375
  ...
# Subtest: legacy archive table access is locked to authenticated SELECT only
ok 167 - legacy archive table access is locked to authenticated SELECT only
  ---
  duration_ms: 0.464583
  ...
# Subtest: recovery migration is non-destructive and defines transactional invoice and revision RPCs
ok 168 - recovery migration is non-destructive and defines transactional invoice and revision RPCs
  ---
  duration_ms: 0.274833
  ...
# Subtest: batch sync resilience migration extends invoice persistence timeouts without touching business data
ok 169 - batch sync resilience migration extends invoice persistence timeouts without touching business data
  ---
  duration_ms: 0.705542
  ...
# Subtest: preview reads review reconciliation instead of placeholder zero, preserving signed credit and real zero
ok 170 - preview reads review reconciliation instead of placeholder zero, preserving signed credit and real zero
  ---
  duration_ms: 0.489667
  ...
# Subtest: completed batch remains accessible and no longer claims processing
ok 171 - completed batch remains accessible and no longer claims processing
  ---
  duration_ms: 0.157916
  ...
# Subtest: same-name originals retain separate source identities through batch splitting
ok 172 - same-name originals retain separate source identities through batch splitting
  ---
  duration_ms: 1.907083
  ...
# Subtest: runtime invoice normalization recovers lines from relational and legacy shapes
ok 173 - runtime invoice normalization recovers lines from relational and legacy shapes
  ---
  duration_ms: 0.705834
  ...
# Subtest: runtime invoice normalization makes partial persisted rows safe to render
ok 174 - runtime invoice normalization makes partial persisted rows safe to render
  ---
  duration_ms: 0.077542
  ...
# Subtest: runtime invoice collections reject invalid container and row values
ok 175 - runtime invoice collections reject invalid container and row values
  ---
  duration_ms: 0.06725
  ...
# Subtest: runtime product normalization repairs legacy history containers before invoice save
ok 176 - runtime product normalization repairs legacy history containers before invoice save
  ---
  duration_ms: 0.140459
  ...
# Subtest: invoice learning tolerates malformed legacy mapping and correction containers
ok 177 - invoice learning tolerates malformed legacy mapping and correction containers
  ---
  duration_ms: 2.698917
  ...
# Subtest: TEST A: legacy supplier plans one stable insert and retry maps the same canonical row
ok 178 - TEST A: legacy supplier plans one stable insert and retry maps the same canonical row
  ---
  duration_ms: 11.116709
  ...
# Subtest: TEST B: legacy product preserves its UUID and retry creates no second product
ok 179 - TEST B: legacy product preserves its UUID and retry creates no second product
  ---
  duration_ms: 2.507459
  ...
# Subtest: TEST C: an invoice with unresolved dependencies is preserved in the archive
ok 180 - TEST C: an invoice with unresolved dependencies is preserved in the archive
  ---
  duration_ms: 0.71875
  ...
# Subtest: TEST D: basic invoice recovery uses catalog first, one atomic invoice RPC and marks success only after response
ok 181 - TEST D: basic invoice recovery uses catalog first, one atomic invoice RPC and marks success only after response
  ---
  duration_ms: 1.6405
  ...
# Subtest: dependency-imperfect history becomes an operational invoice while product archive remains immutable
ok 182 - dependency-imperfect history becomes an operational invoice while product archive remains immutable
  ---
  duration_ms: 0.872541
  ...
# Subtest: historical invoice recovery nulls ambiguous products and collapses duplicate same-department splits
ok 183 - historical invoice recovery nulls ambiguous products and collapses duplicate same-department splits
  ---
  duration_ms: 0.457791
  ...
# Subtest: operational historical recovery is classified as already relational on every later preflight
ok 184 - operational historical recovery is classified as already relational on every later preflight
  ---
  duration_ms: 0.687125
  ...
# Subtest: similar legacy products remain separate without fuzzy merging
ok 185 - similar legacy products remain separate without fuzzy merging
  ---
  duration_ms: 0.162084
  ...
# Subtest: TEST E: split recovery maps exact departments and preserves percentages
ok 186 - TEST E: split recovery maps exact departments and preserves percentages
  ---
  duration_ms: 2.289875
  ...
# Subtest: TEST F: an identical relational invoice is verified on retry and not resubmitted
ok 187 - TEST F: an identical relational invoice is verified on retry and not resubmitted
  ---
  duration_ms: 3.022083
  ...
# Subtest: TEST G: same strong invoice identity with different line content remains Review conflict
ok 188 - TEST G: same strong invoice identity with different line content remains Review conflict
  ---
  duration_ms: 3.239
  ...
# Subtest: TEST H: failed invoice RPC leaves the legacy row unsaved and reports failure
ok 189 - TEST H: failed invoice RPC leaves the legacy row unsaved and reports failure
  ---
  duration_ms: 0.392708
  ...
# Subtest: TEST I: successful module snapshot sync alone never qualifies an invoice as relational
ok 190 - TEST I: successful module snapshot sync alone never qualifies an invoice as relational
  ---
  duration_ms: 1.084708
  ...
# Subtest: PHASE 2 TEST 1: stale conflict with the same UUID and equivalent current content is Already relational
ok 191 - PHASE 2 TEST 1: stale conflict with the same UUID and equivalent current content is Already relational
  ---
  duration_ms: 1.071792
  ...
# Subtest: PHASE 2 TEST 2: stale conflict with the same UUID and material line differences remains Review conflict
ok 192 - PHASE 2 TEST 2: stale conflict with the same UUID and material line differences remains Review conflict
  ---
  duration_ms: 8.541542
  ...
# Subtest: PHASE 2 TEST 3: repeated generic Unit numbers keep separate UUIDs when contents differ
ok 193 - PHASE 2 TEST 3: repeated generic Unit numbers keep separate UUIDs when contents differ
  ---
  duration_ms: 1.642291
  ...
# Subtest: PHASE 2 TEST 4: a non-generic candidate with the wrong date is a date conflict, not a migration
ok 194 - PHASE 2 TEST 4: a non-generic candidate with the wrong date is a date conflict, not a migration
  ---
  duration_ms: 0.421667
  ...
# Subtest: PHASE 2 TEST 5: equivalent different-UUID legacy copies are preserved as probable duplicates without insertion
ok 195 - PHASE 2 TEST 5: equivalent different-UUID legacy copies are preserved as probable duplicates without insertion
  ---
  duration_ms: 0.991416
  ...
# Subtest: PHASE 2 TEST 6: a zero relational header is equivalent only when complete lines prove the legacy total
ok 196 - PHASE 2 TEST 6: a zero relational header is equivalent only when complete lines prove the legacy total
  ---
  duration_ms: 0.796875
  ...
# Subtest: PHASE 2 TEST 7: an invoice with no canonical product is archive-only
ok 197 - PHASE 2 TEST 7: an invoice with no canonical product is archive-only
  ---
  duration_ms: 0.36725
  ...
# Subtest: PHASE 2 TEST 8: an unresolved department preserves the invoice in the archive
ok 198 - PHASE 2 TEST 8: an unresolved department preserves the invoice in the archive
  ---
  duration_ms: 1.709333
  ...
# Subtest: PHASE 2 TEST 9: distinct invoices sharing a generic number are never treated as the same invoice
ok 199 - PHASE 2 TEST 9: distinct invoices sharing a generic number are never treated as the same invoice
  ---
  duration_ms: 1.314375
  ...
# Subtest: derived split amounts are recomputed as equivalent before diagnostics
ok 200 - derived split amounts are recomputed as equivalent before diagnostics
  ---
  duration_ms: 4.093916
  ...
# Subtest: read-only diagnostics keep a wrong invoice date classified as a genuine conflict
ok 201 - read-only diagnostics keep a wrong invoice date classified as a genuine conflict
  ---
  duration_ms: 1.348125
  ...
# Subtest: read-only diagnostics classify confirmed split differences as genuine business conflicts
ok 202 - read-only diagnostics classify confirmed split differences as genuine business conflicts
  ---
  duration_ms: 2.672042
  ...
# Subtest: recovery migration is install-only, reuses the v2 invoice transaction and verifies child counts
ok 203 - recovery migration is install-only, reuses the v2 invoice transaction and verifies child counts
  ---
  duration_ms: 0.684916
  ...
# Subtest: TEST A: diagnostic repository path performs SELECTs only and exports a restricted report
ok 204 - TEST A: diagnostic repository path performs SELECTs only and exports a restricted report
  ---
  duration_ms: 5.702375
  ...
# Subtest: TEST B: supplier name and confirmed canonical UUID are materially equivalent
ok 205 - TEST B: supplier name and confirmed canonical UUID are materially equivalent
  ---
  duration_ms: 6.299083
  ...
# Subtest: TEST C: department name and confirmed canonical UUID are materially equivalent
ok 206 - TEST C: department name and confirmed canonical UUID are materially equivalent
  ---
  duration_ms: 1.873667
  ...
# Subtest: TEST D: a confirmed Bar versus Kitchen allocation remains a genuine conflict
ok 207 - TEST D: a confirmed Bar versus Kitchen allocation remains a genuine conflict
  ---
  duration_ms: 4.582667
  ...
# Subtest: TEST E: different split row UUIDs with the same confirmed 75/25 allocation are materially equivalent
ok 208 - TEST E: different split row UUIDs with the same confirmed 75/25 allocation are materially equivalent
  ---
  duration_ms: 11.726292
  ...
# Subtest: TEST F: a 75/25 split and a 50/50 split remain materially different
ok 209 - TEST F: a 75/25 split and a 50/50 split remain materially different
  ---
  duration_ms: 4.006667
  ...
# Subtest: TEST G: a wrong invoice date remains a real date conflict
ok 210 - TEST G: a wrong invoice date remains a real date conflict
  ---
  duration_ms: 0.698333
  ...
# Subtest: TEST H: line order changes do not create material differences
ok 211 - TEST H: line order changes do not create material differences
  ---
  duration_ms: 1.172583
  ...
# Subtest: TEST I: a pre-flagged conflict is independently compared with its current relational candidate
ok 212 - TEST I: a pre-flagged conflict is independently compared with its current relational candidate
  ---
  duration_ms: 1.290542
  ...
# Subtest: TEST J: a pre-flagged conflict with no relational match retains read-only legacy-cloud origin evidence
ok 213 - TEST J: a pre-flagged conflict with no relational match retains read-only legacy-cloud origin evidence
  ---
  duration_ms: 0.687667
  ...
# Subtest: TEST K: v2 export includes reused legacy rows, suspicious document numbers and latest relational creations
ok 214 - TEST K: v2 export includes reused legacy rows, suspicious document numbers and latest relational creations
  ---
  duration_ms: 1.433792
  ...
# Subtest: normalises comparable pack sizes and avoids false comparisons across unknown formats
ok 215 - normalises comparable pack sizes and avoids false comparisons across unknown formats
  ---
  duration_ms: 1.043125
  ...
# Subtest: allows validated manual lines to be added to parsed invoice lines
ok 216 - allows validated manual lines to be added to parsed invoice lines
  ---
  duration_ms: 0.162792
  ...
# Subtest: parses representative Cheeseman invoice rows
ok 217 - parses representative Cheeseman invoice rows
  ---
  duration_ms: 0.890542
  ...
# Subtest: corrects TG Fruits style line total accidentally mapped into unit cost
ok 218 - corrects TG Fruits style line total accidentally mapped into unit cost
  ---
  duration_ms: 0.059583
  ...
# Subtest: supplier autocomplete duplicate detection finds legal suffix and punctuation variants
ok 219 - supplier autocomplete duplicate detection finds legal suffix and punctuation variants
  ---
  duration_ms: 0.159
  ...
# Subtest: invoice supplier propagation preserves explicit line suppliers
ok 220 - invoice supplier propagation preserves explicit line suppliers
  ---
  duration_ms: 0.109
  ...
# Subtest: supplier merge remaps history and leaves a tombstone
ok 221 - supplier merge remaps history and leaves a tombstone
  ---
  duration_ms: 0.762417
  ...
# Subtest: sync reconciliation preserves deleted supplier tombstones over stale imported rows
ok 222 - sync reconciliation preserves deleted supplier tombstones over stale imported rows
  ---
  duration_ms: 0.094542
  ...
# Subtest: changing a menu lifecycle status preserves dishes and costing data
ok 223 - changing a menu lifecycle status preserves dishes and costing data
  ---
  duration_ms: 0.493584
  ...
# Subtest: archived menus are hidden by default and status changes restore them to the normal selector
ok 224 - archived menus are hidden by default and status changes restore them to the normal selector
  ---
  duration_ms: 0.169667
  ...
# Subtest: United Kingdom and Portugal defaults are centrally defined
ok 225 - United Kingdom and Portugal defaults are centrally defined
  ---
  duration_ms: 1.248042
  ...
# Subtest: country changes update untouched defaults but retain manual regional overrides
ok 226 - country changes update untouched defaults but retain manual regional overrides
  ---
  duration_ms: 0.301167
  ...
# Subtest: onboarding validation requires business, regional, financial and real department data
ok 227 - onboarding validation requires business, regional, financial and real department data
  ---
  duration_ms: 0.5305
  ...
# Subtest: customer workspaces are routed to onboarding until complete, while internal staff are not
ok 228 - customer workspaces are routed to onboarding until complete, while internal staff are not
  ---
  duration_ms: 0.216292
  ...
# Subtest: onboarding migration persists progress, actual departments, and the server-side trial start
ok 229 - onboarding migration persists progress, actual departments, and the server-side trial start
  ---
  duration_ms: 0.52675
  ...
# Subtest: legacy recovery proves ownership through cloud and preserves exact version and context
ok 230 - legacy recovery proves ownership through cloud and preserves exact version and context
  ---
  duration_ms: 2.049666
  ...
# Subtest: unknown account and forged archive scope never grant ownership
ok 231 - unknown account and forged archive scope never grant ownership
  ---
  duration_ms: 0.101375
  ...
# Subtest: newer cloud, existing pending and duplicate archives prevent overwrite
ok 232 - newer cloud, existing pending and duplicate archives prevent overwrite
  ---
  duration_ms: 0.774583
  ...
# Subtest: rollback archive retains later work and is rechecked, never trusted on import
ok 233 - rollback archive retains later work and is rechecked, never trusted on import
  ---
  duration_ms: 0.079667
  ...
# Subtest: legacy scan is read only and skips unrelated keys
ok 234 - legacy scan is read only and skips unrelated keys
  ---
  duration_ms: 0.115667
  ...
# Subtest: volatile-work export can be recovered through the same ownership checks
ok 235 - volatile-work export can be recovered through the same ownership checks
  ---
  duration_ms: 0.056708
  ...
# Subtest: a retry context cannot redirect recovery to a different invoice
ok 236 - a retry context cannot redirect recovery to a different invoice
  ---
  duration_ms: 0.105291
  ...
# Subtest: recovery requires a specific company and location
ok 237 - recovery requires a specific company and location
  ---
  duration_ms: 0.039834
  ...
# Subtest: indexed product comparison keeps five representative product calculations unchanged
ok 238 - indexed product comparison keeps five representative product calculations unchanged
  ---
  duration_ms: 4.543834
  ...
# Subtest: generic matcher handles exact names, aliases, strong fuzzy candidates, ambiguity and no match
ok 239 - generic matcher handles exact names, aliases, strong fuzzy candidates, ambiguity and no match
  ---
  duration_ms: 4.447584
  ...
# Subtest: candidate ranking respects unit and pack conflicts
ok 240 - candidate ranking respects unit and pack conflicts
  ---
  duration_ms: 0.115542
  ...
# Subtest: basic product merge remaps references, archives the duplicate, and preserves old names as aliases
ok 241 - basic product merge remaps references, archives the duplicate, and preserves old names as aliases
  ---
  duration_ms: 1.894084
  ...
# Subtest: invoice identity changes without rewriting historical financial values
ok 242 - invoice identity changes without rewriting historical financial values
  ---
  duration_ms: 1.077834
  ...
# Subtest: recipe conflicts block the merge without mutating the input
ok 243 - recipe conflicts block the merge without mutating the input
  ---
  duration_ms: 1.007292
  ...
# Subtest: active Stock Take conflicts block rather than adding or overwriting counts
ok 244 - active Stock Take conflicts block rather than adding or overwriting counts
  ---
  duration_ms: 1.042292
  ...
# Subtest: cross-company product selection is rejected
ok 245 - cross-company product selection is rejected
  ---
  duration_ms: 0.461042
  ...
# Subtest: aliases that already identify another active product are not copied
ok 246 - aliases that already identify another active product are not copied
  ---
  duration_ms: 0.170666
  ...
# Subtest: duplicate suggestions include plural variants but exclude conflicting pack sizes
ok 247 - duplicate suggestions include plural variants but exclude conflicting pack sizes
  ---
  duration_ms: 7.505958
  ...
# Subtest: cloud merge uses one atomic RPC and propagates failures without applying partial client state
ok 248 - cloud merge uses one atomic RPC and propagates failures without applying partial client state
  ---
  duration_ms: 1.449541
  ...
# Subtest: supplier mapping conflicts preserve both rules and deterministically supersede the older one
ok 249 - supplier mapping conflicts preserve both rules and deterministically supersede the older one
  ---
  duration_ms: 1.121917
  ...
# Subtest: merge RPC migration covers every discovered relational product reference and server-side ownership
ok 250 - merge RPC migration covers every discovered relational product reference and server-side ownership
  ---
  duration_ms: 1.07075
  ...
# Subtest: normal invoice line produces a positive signed purchasing amount
ok 251 - normal invoice line produces a positive signed purchasing amount
  ---
  duration_ms: 2.235834
  ...
# Subtest: credit note line produces a negative signed purchasing amount
ok 252 - credit note line produces a negative signed purchasing amount
  ---
  duration_ms: 0.250292
  ...
# Subtest: credit-note negative unit cost is normalised without a double negative
ok 253 - credit-note negative unit cost is normalised without a double negative
  ---
  duration_ms: 0.291208
  ...
# Subtest: credit-note negative quantity is normalised without a double negative
ok 254 - credit-note negative quantity is normalised without a double negative
  ---
  duration_ms: 0.119625
  ...
# Subtest: Woods credit-note source values do not block confirmation validation
ok 255 - Woods credit-note source values do not block confirmation validation
  ---
  duration_ms: 2.217166
  ...
# Subtest: manual change from invoice to credit note clears stale negative-value blockers
ok 256 - manual change from invoice to credit note clears stale negative-value blockers
  ---
  duration_ms: 0.925167
  ...
# Subtest: credit-note detection recognises explicit headings and preserves document number separately
ok 257 - credit-note detection recognises explicit headings and preserves document number separately
  ---
  duration_ms: 0.534792
  ...
# Subtest: duplicate detection separates invoice and credit note with the same supplier document number
ok 258 - duplicate detection separates invoice and credit note with the same supplier document number
  ---
  duration_ms: 0.409167
  ...
# Subtest: equivalent re-upload resolves to the existing relational invoice
ok 259 - equivalent re-upload resolves to the existing relational invoice
  ---
  duration_ms: 1.405791
  ...
# Subtest: equivalent re-upload is also blocked while the first copy is waiting for cloud sync
ok 260 - equivalent re-upload is also blocked while the first copy is waiting for cloud sync
  ---
  duration_ms: 2.253791
  ...
# Subtest: retrying the same pending invoice does not detect itself as a duplicate
ok 261 - retrying the same pending invoice does not detect itself as a duplicate
  ---
  duration_ms: 0.232791
  ...
# Subtest: same strong number with different content requires an explicit duplicate choice
ok 262 - same strong number with different content requires an explicit duplicate choice
  ---
  duration_ms: 0.1395
  ...
# Subtest: generic Unit documents with different UUIDs and contents remain independent
ok 263 - generic Unit documents with different UUIDs and contents remain independent
  ---
  duration_ms: 0.08275
  ...
# Subtest: different generic labels do not prevent exact-content duplicate recognition
ok 264 - different generic labels do not prevent exact-content duplicate recognition
  ---
  duration_ms: 0.521416
  ...
# Subtest: signed purchasing totals reduce COGS and increase GP in the credit-note example
ok 265 - signed purchasing totals reduce COGS and increase GP in the credit-note example
  ---
  duration_ms: 0.210792
  ...
# Subtest: SaaS foundation keeps internal staff explicit and separate from customer membership
ok 266 - SaaS foundation keeps internal staff explicit and separate from customer membership
  ---
  duration_ms: 3.889083
  ...
# Subtest: SaaS foundation prevents customer subscription and staff-role mutation through normal RLS access
ok 267 - SaaS foundation prevents customer subscription and staff-role mutation through normal RLS access
  ---
  duration_ms: 0.6775
  ...
# Subtest: SaaS foundation provisions a dormant fourteen-day trial and resolves expiry from time
ok 268 - SaaS foundation provisions a dormant fourteen-day trial and resolves expiry from time
  ---
  duration_ms: 0.158875
  ...
# Subtest: Sales Comparison ranges derive from the chosen week, not the page period
ok 269 - Sales Comparison ranges derive from the chosen week, not the page period
  ---
  duration_ms: 1.350458
  ...
# Subtest: Sales Comparison ranges recalculate for a second chosen week
ok 270 - Sales Comparison ranges recalculate for a second chosen week
  ---
  duration_ms: 0.179291
  ...
# Subtest: relational sales rows preserve gross/net totals for Sales, Dashboard and GP inputs
ok 271 - relational sales rows preserve gross/net totals for Sales, Dashboard and GP inputs
  ---
  duration_ms: 13.934541
  ...
# Subtest: settings links preserve workspace query context and round-trip every leaf
ok 272 - settings links preserve workspace query context and round-trip every leaf
  ---
  duration_ms: 0.760458
  ...
# Subtest: non-settings navigation removes stale section and unknown section falls back safely
ok 273 - non-settings navigation removes stale section and unknown section falls back safely
  ---
  duration_ms: 0.914917
  ...
# Subtest: stocktake count parser keeps blank distinct from explicit zero
ok 274 - stocktake count parser keeps blank distinct from explicit zero
  ---
  duration_ms: 0.684833
  ...
# Subtest: full product-list import updates only explicit counts and preserves zero
ok 275 - full product-list import updates only explicit counts and preserves zero
  ---
  duration_ms: 1.412709
  ...
# Subtest: partial stocktake imports patch existing counts across repeated imports
ok 276 - partial stocktake imports patch existing counts across repeated imports
  ---
  duration_ms: 2.912333
  ...
# Subtest: new explicit stocktake value overwrites an old count while invalid and missing rows do not
ok 277 - new explicit stocktake value overwrites an old count while invalid and missing rows do not
  ---
  duration_ms: 0.419458
  ...
# Subtest: stocktake template leaves every Count cell blank and retains internal product IDs
ok 278 - stocktake template leaves every Count cell blank and retains internal product IDs
  ---
  duration_ms: 7.92325
  ...
# Subtest: MarginFlow template trusts a valid Product ID even when the visible name was edited
ok 279 - MarginFlow template trusts a valid Product ID even when the visible name was edited
  ---
  duration_ms: 0.160042
  ...
# Subtest: external simple lists auto-confirm exact and alias rows but require fuzzy review
ok 280 - external simple lists auto-confirm exact and alias rows but require fuzzy review
  ---
  duration_ms: 1.872459
  ...
# Subtest: external ambiguous and unknown rows stay unresolved until selected or ignored
ok 281 - external ambiguous and unknown rows stay unresolved until selected or ignored
  ---
  duration_ms: 0.471
  ...
# Subtest: live, MarginFlow import and external import entries share patch and overwrite semantics
ok 282 - live, MarginFlow import and external import entries share patch and overwrite semantics
  ---
  duration_ms: 0.301208
  ...
# Subtest: Stock Take matching honors ID, code, safe fuzzy review, and pack compatibility
ok 283 - Stock Take matching honors ID, code, safe fuzzy review, and pack compatibility
  ---
  duration_ms: 2.928417
  ...
# Subtest: a newly created product is available after the shared product index refreshes
ok 284 - a newly created product is available after the shared product index refreshes
  ---
  duration_ms: 1.503209
  ...
# Subtest: builds stocktake report data from saved stocktake lines only
ok 285 - builds stocktake report data from saved stocktake lines only
  ---
  duration_ms: 7.760458
  ...
# Subtest: rejects stocktakes outside the active company scope
ok 286 - rejects stocktakes outside the active company scope
  ---
  duration_ms: 0.580584
  ...
# Subtest: rejects selected stocktakes with no counted lines
ok 287 - rejects selected stocktakes with no counted lines
  ---
  duration_ms: 0.914708
  ...
# Subtest: table search returns every matching row rather than a visible subset
ok 288 - table search returns every matching row rather than a visible subset
  ---
  duration_ms: 1.445292
  ...
# Subtest: working invoice browser retains pending versions without changing confirmed financial collection
ok 289 - working invoice browser retains pending versions without changing confirmed financial collection
  ---
  duration_ms: 3.4595
  ...
# Subtest: supplier day counts all confirmed invoices and signed credits while a pending copy stays available separately
ok 290 - supplier day counts all confirmed invoices and signed credits while a pending copy stays available separately
  ---
  duration_ms: 13.920708
  ...
# Subtest: no sales data displays a muted empty value
ok 291 - no sales data displays a muted empty value
  ---
  duration_ms: 0.312083
  ...
# Subtest: a real zero waste record remains visible
ok 292 - a real zero waste record remains visible
  ---
  duration_ms: 0.053958
  ...
# Subtest: unavailable GP displays a muted empty value
ok 293 - unavailable GP displays a muted empty value
  ---
  duration_ms: 0.626625
  ...
# Subtest: a real zero business value remains visible
ok 294 - a real zero business value remains visible
  ---
  duration_ms: 0.266167
  ...
# Subtest: a supplier with no invoice data displays a muted empty value
ok 295 - a supplier with no invoice data displays a muted empty value
  ---
  duration_ms: 0.891292
  ...
# Subtest: a supplier real zero invoice remains visible
ok 296 - a supplier real zero invoice remains visible
  ---
  duration_ms: 0.113875
  ...
# Subtest: weekly navigation moves full Monday-Sunday periods by exactly seven days
ok 297 - weekly navigation moves full Monday-Sunday periods by exactly seven days
  ---
  duration_ms: 1.6985
  ...
# Subtest: canAccessFeature requires auth, active membership, enabled feature and beta role
ok 298 - canAccessFeature requires auth, active membership, enabled feature and beta role
  ---
  duration_ms: 0.539
  ...
# Subtest: shiftDurationHours handles unpaid breaks and overnight shifts
ok 299 - shiftDurationHours handles unpaid breaks and overnight shifts
  ---
  duration_ms: 0.089208
  ...
# Subtest: startOfWeek respects Monday and Sunday week starts
ok 300 - startOfWeek respects Monday and Sunday week starts
  ---
  duration_ms: 0.772792
  ...
# Subtest: shiftsOverlap only compares shifts for the same employee and date
ok 301 - shiftsOverlap only compares shifts for the same employee and date
  ---
  duration_ms: 0.957583
  ...
# Subtest: buildShiftWarnings classifies blocking overlap and softer scheduling issues
ok 302 - buildShiftWarnings classifies blocking overlap and softer scheduling issues
  ---
  duration_ms: 0.266709
  ...
# Subtest: calculateRemainingHoliday separates allowance, adjustments, used and pending leave
ok 303 - calculateRemainingHoliday separates allowance, adjustments, used and pending leave
  ---
  duration_ms: 0.367917
  ...
# Subtest: account, company and location switches cannot read or overwrite earlier work
ok 304 - account, company and location switches cannot read or overwrite earlier work
  ---
  duration_ms: 0.456334
  ...
# Subtest: legacy data is retained verbatim and never attributed to a newly signed-in account
ok 305 - legacy data is retained verbatim and never attributed to a newly signed-in account
  ---
  duration_ms: 0.484584
  ...
# Subtest: backups and delayed writes remain bound to their original account
ok 306 - backups and delayed writes remain bound to their original account
  ---
  duration_ms: 1.621125
  ...
# Subtest: storage failures report non-durability without deleting existing values
ok 307 - storage failures report non-durability without deleting existing values
  ---
  duration_ms: 0.162041
  ...
# Subtest: quota failure retains exact volatile work for export without overwriting saved data
ok 308 - quota failure retains exact volatile work for export without overwriting saved data
  ---
  duration_ms: 0.133541
  ...
# Subtest: serialization failures also report non-durability instead of success
ok 309 - serialization failures also report non-durability instead of success
  ---
  duration_ms: 0.068333
  ...
# Subtest: authorised owner is not locked out by a stale false access RPC
ok 310 - authorised owner is not locked out by a stale false access RPC
  ---
  duration_ms: 0.637584
  ...
# Subtest: disabled company feature still denies access
ok 311 - disabled company feature still denies access
  ---
  duration_ms: 0.139125
  ...
# Subtest: private beta still denies a non-privileged member
ok 312 - private beta still denies a non-privileged member
  ---
  duration_ms: 0.084292
  ...
1..312
# tests 312
# suites 0
# pass 312
# fail 0
# cancelled 0
# skipped 0
# todo 0
# duration_ms 532.880166
Staging/local build: production release evidence is not required. No deployment performed.

> marginflow-v2@0.1.0 build
> vite build --mode staging

vite v6.4.3 building for staging...
transforming...
✓ 1953 modules transformed.
rendering chunks...
computing gzip size...
dist/index.html                                     0.40 kB │ gzip:   0.27 kB
dist/assets/marginflow-logo-CiAKghOj.png          148.83 kB
dist/assets/pdf.worker.min-yatZIOMy.mjs         1,375.84 kB
dist/assets/index-DkBEph1N.css                    177.95 kB │ gzip:  30.71 kB
dist/assets/purify.es-DP5U8-sc.js                  29.17 kB │ gzip:  10.99 kB
dist/assets/jspdf.plugin.autotable-CxxEjV4y.js     31.12 kB │ gzip:   9.92 kB
dist/assets/index.es-BILiqmz3.js                  159.64 kB │ gzip:  53.54 kB
dist/assets/html2canvas.esm-QH1iLAAe.js           202.38 kB │ gzip:  48.04 kB
dist/assets/jspdf.es.min-CqK75qSw.js              390.79 kB │ gzip: 128.83 kB
dist/assets/exceljs.min-DDC8_mn0.js               940.19 kB │ gzip: 271.33 kB
dist/assets/index-CWXg9Yy_.js                   1,725.73 kB │ gzip: 481.99 kB

(!) Some chunks are larger than 500 kB after minification. Consider:
- Using dynamic import() to code-split the application
- Use build.rollupOptions.output.manualChunks to improve chunking: https://rollupjs.org/configuration-options/#output-manualchunks
- Adjust chunk size limit for this warning via build.chunkSizeWarningLimit.
✓ built in 3.74s
